<html>
<body>
<pre>
<h1>µVision Build Log</h1>
<h2>Tool Versions:</h2>
IDE-Version: µVision V5.39.0.0
Copyright (C) 2023 ARM Ltd and ARM Germany GmbH. All rights reserved.
License Information: Kevin Jordil, HES-SO, LIC=----
 
Tool Versions:
Toolchain:       MDK-Lite  Version: 5.39.0.0
Toolchain Path:  C:\Keil_v5\ARM\ARMCLANG\Bin
C Compiler:      ArmClang.exe V6.21
Assembler:       Armasm.exe V6.21
Linker/Locator:  ArmLink.exe V6.21
Library Manager: ArmAr.exe V6.21
Hex Converter:   FromElf.exe V6.21
CPU DLL:         SARMCM3.DLL V5.39.0.0
Dialog DLL:      DCM.DLL V1.17.5.0
Target DLL:      STLink\ST-LINKIII-KEIL_SWO.dll V3.2.0.0
Dialog DLL:      TCM.DLL V1.56.4.0
 
<h2>Project:</h2>
C:\master\ebr\car-sim\car-sim.uvprojx
Project File Date:  03/05/2024

<h2>Output:</h2>
*** Using Compiler 'V6.21', folder: 'C:\Keil_v5\ARM\ARMCLANG\Bin'
Rebuild target 'DISCO_L475'
compiling faults.c...
compiling helpers.c...
compiling timeline.c...
compiling tasks.c...
compiling stm32l4xx_it.c...
compiling main.c...
compiling stm32l475e_iot01.c...
compiling vio_BL475EIOT01A.c...
compiling stm32l475e_iot01_hsensor.c...
compiling stm32l475e_iot01_gyro.c...
compiling stm32l475e_iot01_accelero.c...
compiling stm32l475e_iot01_psensor.c...
compiling stm32l475e_iot01_tsensor.c...
compiling stm32l475e_iot01_magneto.c...
compiling hts221.c...
compiling lis3mdl.c...
compiling lps22hb.c...
compiling lsm6dsl.c...
compiling rtx_delay.c...
assembling irq_armv7m.S...
compiling rtx_evflags.c...
compiling rtx_evr.c...
compiling rtx_kernel.c...
compiling rtx_lib.c...
compiling rtx_memory.c...
compiling rtx_mempool.c...
compiling rtx_msgqueue.c...
compiling rtx_mutex.c...
compiling rtx_semaphore.c...
compiling rtx_system.c...
compiling rtx_timer.c...
compiling os_systick.c...
compiling rtx_thread.c...
compiling RTX_Config.c...
compiling EventRecorder.c...
compiling stm32l4xx_hal.c...
compiling stm32l4xx_hal_cortex.c...
compiling stm32l4xx_hal_dfsdm_ex.c...
compiling stm32l4xx_hal_dma_ex.c...
compiling stm32l4xx_hal_dfsdm.c...
compiling stm32l4xx_hal_dma.c...
compiling stm32l4xx_hal_gpio.c...
compiling stm32l4xx_hal_i2c_ex.c...
compiling stm32l4xx_hal_pcd.c...
compiling stm32l4xx_hal_i2c.c...
compiling stm32l4xx_hal_pcd_ex.c...
compiling stm32l4xx_hal_pwr.c...
compiling stm32l4xx_hal_pwr_ex.c...
compiling stm32l4xx_hal_rcc.c...
compiling stm32l4xx_hal_qspi.c...
compiling stm32l4xx_hal_rcc_ex.c...
compiling stm32l4xx_hal_spi.c...
compiling stm32l4xx_hal_spi_ex.c...
compiling stm32l4xx_hal_uart_ex.c...
compiling stm32l4xx_hal_uart.c...
compiling stm32l4xx_ll_pwr.c...
compiling stm32l4xx_ll_usb.c...
compiling stm32l4xx_ll_utils.c...
compiling stm32l4xx_ll_rcc.c...
compiling stm32l4xx_hal_msp.c...
compiling system_stm32l4xx.c...
assembling startup_stm32l475xx.s...
linking...
Program Size: Code=25092 RO-data=852 RW-data=456 ZI-data=38632  
".\Objects\car-sim.axf" - 0 Error(s), 0 Warning(s).

<h2>Software Packages used:</h2>

Package Vendor: ARM
                https://www.keil.com/pack/ARM.CMSIS.6.0.0.pack
                ARM::CMSIS@6.0.0
                CMSIS (Common Microcontroller Software Interface Standard)
   * Component: OS Tick Version: 1.0.1
   * Component: RTOS2 Version: 2.3.0
   * Component: CORE Version: 6.0.0
   * Component: SysTick Version: 1.0.5

Package Vendor: ARM
                https://www.keil.com/pack/ARM.CMSIS-RTX.5.8.0.pack
                ARM::CMSIS-RTX@5.8.0
                RTX RTOS implementation of CMSIS-RTOS2 API
   * Component: Keil RTX5 Variant: Source Version: 5.8.0

Package Vendor: ARM
                https://www.keil.com/pack/ARM.CMSIS-View.1.1.0.pack
                ARM::CMSIS-View@1.1.0
                Debugger visualization of software events and statistics
   * Component: Event Recorder Variant: DAP Version: 1.5.3

Package Vendor: Keil
                https://github.com/MDK-Packs/Pack/raw/master/B-L475E-IOT01A_BSP/Keil.B-L475E-IOT01A_BSP.1.0.1.pack
                Keil::B-L475E-IOT01A_BSP@1.0.1
                STMicroelectronics STM32L4 Series B-L475E-IOT01A Board Support Pack
   * Component: Accelerometer Version: 1.1.6
   * Component: Basic I/O Version: 1.1.6
   * Component: Gyroscope Version: 1.1.6
   * Component: Humidity Sensor Version: 1.1.6
   * Component: Magnetometer Version: 1.1.6
   * Component: Pressure Sensor Version: 1.1.6
   * Component: Temperature Sensor Version: 1.1.6

Package Vendor: Keil
                project-path/Keil.FrameworkCubeMX.1.0.0.pack
                Keil::FrameworkCubeMX@1.0.0
                STM32CubeMX generated pack description
   * Component: STM32CubeMX Version: 1.1.0

Package Vendor: Keil
                https://www.keil.com/pack/Keil.STM32L4xx_DFP.2.6.2.pack
                Keil::STM32L4xx_DFP@2.6.2
                STMicroelectronics STM32L4 Series Device Support, Drivers and Examples
   * Component: STM32Cube Framework Version: 1.1.0
   * Component: Common Version: 1.13.0
   * Component: Cortex Version: 1.13.0
   * Component: DFSDM Version: 1.13.0
   * Component: DMA Version: 1.13.0
   * Component: GPIO Version: 1.13.0
   * Component: I2C Version: 1.13.0
   * Component: PCD Version: 1.13.0
   * Component: PWR Version: 1.13.0
   * Component: QSPI Version: 1.13.0
   * Component: RCC Version: 1.13.0
   * Component: SPI Version: 1.13.0
   * Component: UART Version: 1.13.0
   * Component: Common Version: 1.13.0
   * Component: PWR Version: 1.13.0
   * Component: RCC Version: 1.13.0
   * Component: USB Version: 1.13.0
   * Component: UTILS Version: 1.13.0
   * Component: Startup Version: 1.3.1

<h2>Collection of Component include folders:</h2>
  ./RTE/CMSIS
  ./RTE/CMSIS-View
  ./RTE/Device/STM32L475VGTx
  ./RTE/Device/STM32L475VGTx/STCubeGenerated/Core
  ./RTE/Device/STM32L475VGTx/STCubeGenerated/Core/Inc
  ./RTE/_DISCO_L475
  C:/Users/kevin/AppData/Local/Arm/Packs/ARM/CMSIS-RTX/5.8.0/Include
  C:/Users/kevin/AppData/Local/Arm/Packs/ARM/CMSIS-View/1.1.0/EventRecorder/Include
  C:/Users/kevin/AppData/Local/Arm/Packs/ARM/CMSIS/6.0.0/CMSIS/Core/Include
  C:/Users/kevin/AppData/Local/Arm/Packs/ARM/CMSIS/6.0.0/CMSIS/RTOS2/Include
  C:/Users/kevin/AppData/Local/Arm/Packs/Keil/B-L475E-IOT01A_BSP/1.0.1/Drivers/B-L475E-IOT01
  C:/Users/kevin/AppData/Local/Arm/Packs/Keil/B-L475E-IOT01A_BSP/1.0.1/Drivers/Components/Common
  C:/Users/kevin/AppData/Local/Arm/Packs/Keil/B-L475E-IOT01A_BSP/1.0.1/Drivers/Components/hts221
  C:/Users/kevin/AppData/Local/Arm/Packs/Keil/B-L475E-IOT01A_BSP/1.0.1/Drivers/Components/lis3mdl
  C:/Users/kevin/AppData/Local/Arm/Packs/Keil/B-L475E-IOT01A_BSP/1.0.1/Drivers/Components/lps22hb
  C:/Users/kevin/AppData/Local/Arm/Packs/Keil/B-L475E-IOT01A_BSP/1.0.1/Drivers/Components/lsm6dsl
  C:/Users/kevin/AppData/Local/Arm/Packs/Keil/STM32L4xx_DFP/2.6.2/Drivers/CMSIS/Device/ST/STM32L4xx/Include
  C:/Users/kevin/AppData/Local/Arm/Packs/Keil/STM32L4xx_DFP/2.6.2/Drivers/STM32L4xx_HAL_Driver/Inc
  C:/Users/kevin/AppData/Local/Arm/Packs/Keil/STM32L4xx_DFP/2.6.2/Drivers/STM32L4xx_HAL_Driver/Inc/Legacy

<h2>Collection of Component Files used:</h2>

   * Component: ::CMSIS:OS Tick(API)@1.0.1
      Include file:  CMSIS/RTOS2/Include/os_tick.h

   * Component: ::CMSIS:RTOS2(API)@2.3.0
      Include file:  CMSIS/RTOS2/Include/cmsis_os2.h

   * Component: ::Device:STM32Cube Framework(API)@1.1.0

   * Component: ARM::CMSIS-View:Event Recorder&DAP@1.5.3
      Include file:  EventRecorder/Include/EventRecorder.h
      Include file:  EventRecorder/Config/EventRecorderConf.h
      Source file:   EventRecorder/Source/EventRecorder.c

   * Component: ARM::CMSIS:CORE@6.0.0

   * Component: ARM::CMSIS:OS Tick:SysTick@1.0.5
      Source file:   CMSIS/RTOS2/Source/os_systick.c

   * Component: ARM::CMSIS:RTOS2:Keil RTX5&Source@5.8.0
      Include file:  Include/rtx_os.h
      Source file:   Template/main.c
      Include file:  Config/RTX_Config.h
      Source file:   Template/Events.c
      Source file:   Template/MsgQueue.c
      Source file:   Template/Mutex.c
      Source file:   Template/Timer.c
      Source file:   Template/svc_user.c
      Source file:   Source/rtx_kernel.c
      Source file:   Source/rtx_thread.c
      Source file:   Source/rtx_delay.c
      Source file:   Source/rtx_timer.c
      Source file:   Source/rtx_evflags.c
      Source file:   Source/rtx_mutex.c
      Source file:   Source/rtx_semaphore.c
      Source file:   Template/MemPool.c
      Source file:   Source/rtx_memory.c
      Source file:   Source/rtx_mempool.c
      Source file:   Config/RTX_Config.c
      Source file:   Template/Semaphore.c
      Source file:   Template/Thread.c
      Source file:   Source/rtx_lib.c
      Source file:   Source/rtx_evr.c
      Source file:   Source/rtx_system.c
      Source file:   Source/rtx_msgqueue.c
      Source file:   Source/GCC/irq_armv7m.S

   * Component: Keil::Board Support&B-L475E-IOT01A:Drivers:Accelerometer@1.1.6
      Include file:  Drivers/B-L475E-IOT01/stm32l475e_iot01_accelero.h
      Source file:   Drivers/B-L475E-IOT01/stm32l475e_iot01_accelero.c
      Include file:  Drivers/Components/lsm6dsl/lsm6dsl.h
      Source file:   Drivers/Components/lsm6dsl/lsm6dsl.c

   * Component: Keil::Board Support&B-L475E-IOT01A:Drivers:Basic I/O@1.1.6
      Source file:   Drivers/B-L475E-IOT01/stm32l475e_iot01.c
      Include file:  Drivers/B-L475E-IOT01/stm32l475e_iot01.h

   * Component: Keil::Board Support&B-L475E-IOT01A:Drivers:Gyroscope@1.1.6
      Include file:  Drivers/B-L475E-IOT01/stm32l475e_iot01_gyro.h
      Source file:   Drivers/B-L475E-IOT01/stm32l475e_iot01_gyro.c
      Include file:  Drivers/Components/lsm6dsl/lsm6dsl.h
      Source file:   Drivers/Components/lsm6dsl/lsm6dsl.c

   * Component: Keil::Board Support&B-L475E-IOT01A:Drivers:Humidity Sensor@1.1.6
      Include file:  Drivers/B-L475E-IOT01/stm32l475e_iot01_hsensor.h
      Include file:  Drivers/Components/hts221/hts221.h
      Source file:   Drivers/Components/hts221/hts221.c
      Source file:   Drivers/B-L475E-IOT01/stm32l475e_iot01_hsensor.c

   * Component: Keil::Board Support&B-L475E-IOT01A:Drivers:Magnetometer@1.1.6
      Include file:  Drivers/B-L475E-IOT01/stm32l475e_iot01_magneto.h
      Include file:  Drivers/Components/lis3mdl/lis3mdl.h
      Source file:   Drivers/B-L475E-IOT01/stm32l475e_iot01_magneto.c
      Source file:   Drivers/Components/lis3mdl/lis3mdl.c

   * Component: Keil::Board Support&B-L475E-IOT01A:Drivers:Pressure Sensor@1.1.6
      Include file:  Drivers/B-L475E-IOT01/stm32l475e_iot01_psensor.h
      Source file:   Drivers/B-L475E-IOT01/stm32l475e_iot01_psensor.c
      Source file:   Drivers/Components/lps22hb/lps22hb.c
      Include file:  Drivers/Components/lps22hb/lps22hb.h

   * Component: Keil::Board Support&B-L475E-IOT01A:Drivers:Temperature Sensor@1.1.6
      Include file:  Drivers/B-L475E-IOT01/stm32l475e_iot01_tsensor.h
      Include file:  Drivers/Components/lps22hb/lps22hb.h
      Include file:  Drivers/Components/hts221/hts221.h
      Source file:   Drivers/Components/lps22hb/lps22hb.c
      Source file:   Drivers/Components/hts221/hts221.c
      Source file:   Drivers/B-L475E-IOT01/stm32l475e_iot01_tsensor.c

   * Component: Keil::Device:STM32Cube Framework:STM32CubeMX@1.1.0
      Include file:  MX_Device.h
      Include file:  STCubeGenerated/Core/Inc/stm32l4xx_hal_conf.h
      Source file:   STCubeGenerated/Core/Src/stm32l4xx_hal_msp.c

   * Component: Keil::Device:STM32Cube HAL:Common@1.13.0
      Include file:  Drivers/STM32L4xx_HAL_Driver/Inc/stm32l4xx_hal.h
      Source file:   Drivers/STM32L4xx_HAL_Driver/Src/stm32l4xx_hal.c

   * Component: Keil::Device:STM32Cube HAL:Cortex@1.13.0
      Source file:   Drivers/STM32L4xx_HAL_Driver/Src/stm32l4xx_hal_cortex.c

   * Component: Keil::Device:STM32Cube HAL:DFSDM@1.13.0
      Source file:   Drivers/STM32L4xx_HAL_Driver/Src/stm32l4xx_hal_dfsdm.c
      Source file:   Drivers/STM32L4xx_HAL_Driver/Src/stm32l4xx_hal_dfsdm_ex.c

   * Component: Keil::Device:STM32Cube HAL:DMA@1.13.0
      Source file:   Drivers/STM32L4xx_HAL_Driver/Src/stm32l4xx_hal_dma_ex.c
      Source file:   Drivers/STM32L4xx_HAL_Driver/Src/stm32l4xx_hal_dma.c

   * Component: Keil::Device:STM32Cube HAL:GPIO@1.13.0
      Source file:   Drivers/STM32L4xx_HAL_Driver/Src/stm32l4xx_hal_gpio.c

   * Component: Keil::Device:STM32Cube HAL:I2C@1.13.0
      Source file:   Drivers/STM32L4xx_HAL_Driver/Src/stm32l4xx_hal_i2c.c
      Source file:   Drivers/STM32L4xx_HAL_Driver/Src/stm32l4xx_hal_i2c_ex.c

   * Component: Keil::Device:STM32Cube HAL:PCD@1.13.0
      Source file:   Drivers/STM32L4xx_HAL_Driver/Src/stm32l4xx_hal_pcd_ex.c
      Source file:   Drivers/STM32L4xx_HAL_Driver/Src/stm32l4xx_hal_pcd.c
      Source file:   Drivers/STM32L4xx_HAL_Driver/Src/stm32l4xx_ll_usb.c

   * Component: Keil::Device:STM32Cube HAL:PWR@1.13.0
      Source file:   Drivers/STM32L4xx_HAL_Driver/Src/stm32l4xx_hal_pwr.c
      Source file:   Drivers/STM32L4xx_HAL_Driver/Src/stm32l4xx_hal_pwr_ex.c

   * Component: Keil::Device:STM32Cube HAL:QSPI@1.13.0
      Source file:   Drivers/STM32L4xx_HAL_Driver/Src/stm32l4xx_hal_qspi.c

   * Component: Keil::Device:STM32Cube HAL:RCC@1.13.0
      Source file:   Drivers/STM32L4xx_HAL_Driver/Src/stm32l4xx_hal_rcc.c
      Source file:   Drivers/STM32L4xx_HAL_Driver/Src/stm32l4xx_hal_rcc_ex.c

   * Component: Keil::Device:STM32Cube HAL:SPI@1.13.0
      Source file:   Drivers/STM32L4xx_HAL_Driver/Src/stm32l4xx_hal_spi.c
      Source file:   Drivers/STM32L4xx_HAL_Driver/Src/stm32l4xx_hal_spi_ex.c

   * Component: Keil::Device:STM32Cube HAL:UART@1.13.0
      Source file:   Drivers/STM32L4xx_HAL_Driver/Src/stm32l4xx_hal_uart_ex.c
      Source file:   Drivers/STM32L4xx_HAL_Driver/Src/stm32l4xx_hal_uart.c

   * Component: Keil::Device:STM32Cube LL:Common@1.13.0

   * Component: Keil::Device:STM32Cube LL:PWR@1.13.0
      Source file:   Drivers/STM32L4xx_HAL_Driver/Src/stm32l4xx_ll_pwr.c

   * Component: Keil::Device:STM32Cube LL:RCC@1.13.0
      Source file:   Drivers/STM32L4xx_HAL_Driver/Src/stm32l4xx_ll_rcc.c

   * Component: Keil::Device:STM32Cube LL:USB@1.13.0
      Source file:   Drivers/STM32L4xx_HAL_Driver/Src/stm32l4xx_ll_usb.c

   * Component: Keil::Device:STM32Cube LL:UTILS@1.13.0
      Source file:   Drivers/STM32L4xx_HAL_Driver/Src/stm32l4xx_ll_utils.c

   * Component: Keil::Device:Startup@1.3.1
      Source file:   MDK/Device/Source/ARM/STM32L4xx_DB_OPT.s
      Include file:  Drivers/CMSIS/Device/ST/STM32L4xx/Include/stm32l4xx.h
      Source file:   Drivers/CMSIS/Device/ST/STM32L4xx/Source/Templates/system_stm32l4xx.c
      Source file:   Drivers/CMSIS/Device/ST/STM32L4xx/Source/Templates/arm/startup_stm32l475xx.s
Build Time Elapsed:  00:00:22
</pre>
</body>
</html>
