Component: Arm Compiler for Embedded 6.21 Tool: armlink [5ec1fa00]

==============================================================================

Section Cross References

    faults.o(.text) refers (Special) to _printf_percent.o(.ARM.Collect$$_printf_percent$$00000000) for _printf_percent
    faults.o(.text) refers (Special) to _printf_d.o(.ARM.Collect$$_printf_percent$$00000009) for _printf_d
    faults.o(.text) refers (Special) to _printf_dec.o(.text) for _printf_int_dec
    faults.o(.text.startup_error_handler) refers (Special) to _printf_percent.o(.ARM.Collect$$_printf_percent$$00000000) for _printf_percent
    faults.o(.text.startup_error_handler) refers (Special) to _printf_d.o(.ARM.Collect$$_printf_percent$$00000009) for _printf_d
    faults.o(.text.startup_error_handler) refers (Special) to _printf_dec.o(.text) for _printf_int_dec
    faults.o(.text.startup_error_handler) refers to faults.o(ram_shared) for temp_str
    faults.o(.text.startup_error_handler) refers to rt_memcpy_v6.o(.text) for __aeabi_memcpy
    faults.o(.text.startup_error_handler) refers to eventrecorder.o(.text.EventRecordData) for EventRecordData
    faults.o(.ARM.exidx.text.startup_error_handler) refers (Special) to _printf_percent.o(.ARM.Collect$$_printf_percent$$00000000) for _printf_percent
    faults.o(.ARM.exidx.text.startup_error_handler) refers (Special) to _printf_d.o(.ARM.Collect$$_printf_percent$$00000009) for _printf_d
    faults.o(.ARM.exidx.text.startup_error_handler) refers (Special) to _printf_dec.o(.text) for _printf_int_dec
    faults.o(.ARM.exidx.text.startup_error_handler) refers to faults.o(.text.startup_error_handler) for [Anonymous Symbol]
    faults.o(.text.app_error_handler) refers (Special) to _printf_percent.o(.ARM.Collect$$_printf_percent$$00000000) for _printf_percent
    faults.o(.text.app_error_handler) refers (Special) to _printf_d.o(.ARM.Collect$$_printf_percent$$00000009) for _printf_d
    faults.o(.text.app_error_handler) refers (Special) to _printf_dec.o(.text) for _printf_int_dec
    faults.o(.text.app_error_handler) refers to faults.o(ram_shared) for temp_str
    faults.o(.text.app_error_handler) refers to __2snprintf.o(.text) for __2snprintf
    faults.o(.text.app_error_handler) refers to eventrecorder.o(.text.EventRecordData) for EventRecordData
    faults.o(.ARM.exidx.text.app_error_handler) refers (Special) to _printf_percent.o(.ARM.Collect$$_printf_percent$$00000000) for _printf_percent
    faults.o(.ARM.exidx.text.app_error_handler) refers (Special) to _printf_d.o(.ARM.Collect$$_printf_percent$$00000009) for _printf_d
    faults.o(.ARM.exidx.text.app_error_handler) refers (Special) to _printf_dec.o(.text) for _printf_int_dec
    faults.o(.ARM.exidx.text.app_error_handler) refers to faults.o(.text.app_error_handler) for [Anonymous Symbol]
    faults.o(ram_shared) refers (Special) to _printf_percent.o(.ARM.Collect$$_printf_percent$$00000000) for _printf_percent
    faults.o(ram_shared) refers (Special) to _printf_d.o(.ARM.Collect$$_printf_percent$$00000009) for _printf_d
    faults.o(ram_shared) refers (Special) to _printf_dec.o(.text) for _printf_int_dec
    helpers.o(.ARM.exidx.text.busy_wait_ms) refers to helpers.o(.text.busy_wait_ms) for [Anonymous Symbol]
    tasks.o(.text.task1) refers to helpers.o(.text.busy_wait_ms) for busy_wait_ms
    tasks.o(.ARM.exidx.text.task1) refers to tasks.o(.text.task1) for [Anonymous Symbol]
    tasks.o(.text.task2) refers to helpers.o(.text.busy_wait_ms) for busy_wait_ms
    tasks.o(.ARM.exidx.text.task2) refers to tasks.o(.text.task2) for [Anonymous Symbol]
    tasks.o(.text.task3) refers to helpers.o(.text.busy_wait_ms) for busy_wait_ms
    tasks.o(.ARM.exidx.text.task3) refers to tasks.o(.text.task3) for [Anonymous Symbol]
    timeline.o(.text.timeline_task_thread) refers to tasks.o(.text.task1) for task1
    timeline.o(.text.timeline_task_thread) refers to rtx_timer.o(.text.osTimerNew) for osTimerNew
    timeline.o(.text.timeline_task_thread) refers to faults.o(.text.app_error_handler) for app_error_handler
    timeline.o(.text.timeline_task_thread) refers to tasks.o(.text.task2) for task2
    timeline.o(.text.timeline_task_thread) refers to tasks.o(.text.task3) for task3
    timeline.o(.text.timeline_task_thread) refers to rtx_timer.o(.text.osTimerStart) for osTimerStart
    timeline.o(.text.timeline_task_thread) refers to rtx_delay.o(.text.osDelay) for osDelay
    timeline.o(.text.timeline_task_thread) refers to main.o(.bss.tid_thr_app_main) for tid_thr_app_main
    timeline.o(.text.timeline_task_thread) refers to rtx_thread.o(.text.osThreadSuspend) for osThreadSuspend
    timeline.o(.ARM.exidx.text.timeline_task_thread) refers to timeline.o(.text.timeline_task_thread) for [Anonymous Symbol]
    main.o(.text.app_initialize) refers to main.o(.text.thrLED) for thrLED
    main.o(.text.app_initialize) refers to rtx_thread.o(.text.osThreadNew) for osThreadNew
[...]
    FPU_IRQHandler                           0x080003c7   Thumb Code     0  startup_stm32l475xx.o(.text)
    I2C1_ER_IRQHandler                       0x080003c7   Thumb Code     0  startup_stm32l475xx.o(.text)
    I2C1_EV_IRQHandler                       0x080003c7   Thumb Code     0  startup_stm32l475xx.o(.text)
    I2C2_ER_IRQHandler                       0x080003c7   Thumb Code     0  startup_stm32l475xx.o(.text)
    I2C2_EV_IRQHandler                       0x080003c7   Thumb Code     0  startup_stm32l475xx.o(.text)
    I2C3_ER_IRQHandler                       0x080003c7   Thumb Code     0  startup_stm32l475xx.o(.text)
    I2C3_EV_IRQHandler                       0x080003c7   Thumb Code     0  startup_stm32l475xx.o(.text)
    LPTIM1_IRQHandler                        0x080003c7   Thumb Code     0  startup_stm32l475xx.o(.text)
    LPTIM2_IRQHandler                        0x080003c7   Thumb Code     0  startup_stm32l475xx.o(.text)
    LPUART1_IRQHandler                       0x080003c7   Thumb Code     0  startup_stm32l475xx.o(.text)
    OTG_FS_IRQHandler                        0x080003c7   Thumb Code     0  startup_stm32l475xx.o(.text)
    PVD_PVM_IRQHandler                       0x080003c7   Thumb Code     0  startup_stm32l475xx.o(.text)
    QUADSPI_IRQHandler                       0x080003c7   Thumb Code     0  startup_stm32l475xx.o(.text)
    RCC_IRQHandler                           0x080003c7   Thumb Code     0  startup_stm32l475xx.o(.text)
    RNG_IRQHandler                           0x080003c7   Thumb Code     0  startup_stm32l475xx.o(.text)
    RTC_Alarm_IRQHandler                     0x080003c7   Thumb Code     0  startup_stm32l475xx.o(.text)
    RTC_WKUP_IRQHandler                      0x080003c7   Thumb Code     0  startup_stm32l475xx.o(.text)
    SAI1_IRQHandler                          0x080003c7   Thumb Code     0  startup_stm32l475xx.o(.text)
    SAI2_IRQHandler                          0x080003c7   Thumb Code     0  startup_stm32l475xx.o(.text)
    SDMMC1_IRQHandler                        0x080003c7   Thumb Code     0  startup_stm32l475xx.o(.text)
    SPI1_IRQHandler                          0x080003c7   Thumb Code     0  startup_stm32l475xx.o(.text)
    SPI2_IRQHandler                          0x080003c7   Thumb Code     0  startup_stm32l475xx.o(.text)
    SPI3_IRQHandler                          0x080003c7   Thumb Code     0  startup_stm32l475xx.o(.text)
    SWPMI1_IRQHandler                        0x080003c7   Thumb Code     0  startup_stm32l475xx.o(.text)
    TAMP_STAMP_IRQHandler                    0x080003c7   Thumb Code     0  startup_stm32l475xx.o(.text)
    TIM1_BRK_TIM15_IRQHandler                0x080003c7   Thumb Code     0  startup_stm32l475xx.o(.text)
    TIM1_CC_IRQHandler                       0x080003c7   Thumb Code     0  startup_stm32l475xx.o(.text)
    TIM1_TRG_COM_TIM17_IRQHandler            0x080003c7   Thumb Code     0  startup_stm32l475xx.o(.text)
    TIM1_UP_TIM16_IRQHandler                 0x080003c7   Thumb Code     0  startup_stm32l475xx.o(.text)
    TIM2_IRQHandler                          0x080003c7   Thumb Code     0  startup_stm32l475xx.o(.text)
    TIM3_IRQHandler                          0x080003c7   Thumb Code     0  startup_stm32l475xx.o(.text)
    TIM4_IRQHandler                          0x080003c7   Thumb Code     0  startup_stm32l475xx.o(.text)
    TIM5_IRQHandler                          0x080003c7   Thumb Code     0  startup_stm32l475xx.o(.text)
    TIM6_DAC_IRQHandler                      0x080003c7   Thumb Code     0  startup_stm32l475xx.o(.text)
    TIM7_IRQHandler                          0x080003c7   Thumb Code     0  startup_stm32l475xx.o(.text)
    TIM8_BRK_IRQHandler                      0x080003c7   Thumb Code     0  startup_stm32l475xx.o(.text)
    TIM8_CC_IRQHandler                       0x080003c7   Thumb Code     0  startup_stm32l475xx.o(.text)
    TIM8_TRG_COM_IRQHandler                  0x080003c7   Thumb Code     0  startup_stm32l475xx.o(.text)
    TIM8_UP_IRQHandler                       0x080003c7   Thumb Code     0  startup_stm32l475xx.o(.text)
    TSC_IRQHandler                           0x080003c7   Thumb Code     0  startup_stm32l475xx.o(.text)
    UART4_IRQHandler                         0x080003c7   Thumb Code     0  startup_stm32l475xx.o(.text)
    UART5_IRQHandler                         0x080003c7   Thumb Code     0  startup_stm32l475xx.o(.text)
    USART1_IRQHandler                        0x080003c7   Thumb Code     0  startup_stm32l475xx.o(.text)
    USART2_IRQHandler                        0x080003c7   Thumb Code     0  startup_stm32l475xx.o(.text)
    USART3_IRQHandler                        0x080003c7   Thumb Code     0  startup_stm32l475xx.o(.text)
    WWDG_IRQHandler                          0x080003c7   Thumb Code     0  startup_stm32l475xx.o(.text)
    __user_initial_stackheap                 0x080003c9   Thumb Code     0  startup_stm32l475xx.o(.text)
    __2snprintf                              0x080003ed   Thumb Code    58  __2snprintf.o(.text)
    _printf_int_dec                          0x0800042d   Thumb Code   104  _printf_dec.o(.text)
    __printf                                 0x080004a5   Thumb Code   388  __printf_flags_ss_wp.o(.text)
    __aeabi_memcpy                           0x08000633   Thumb Code     0  rt_memcpy_v6.o(.text)
    __rt_memcpy                              0x08000633   Thumb Code   138  rt_memcpy_v6.o(.text)
    _memcpy_lastbytes                        0x08000699   Thumb Code     0  rt_memcpy_v6.o(.text)
    __aeabi_memset4                          0x080006bd   Thumb Code    16  aeabi_memset4.o(.text)
    __aeabi_memset8                          0x080006bd   Thumb Code     0  aeabi_memset4.o(.text)
    __aeabi_memclr                           0x080006cd   Thumb Code     0  rt_memclr.o(.text)
    __rt_memclr                              0x080006cd   Thumb Code     0  rt_memclr.o(.text)
    _memset                                  0x080006d1   Thumb Code    64  rt_memclr.o(.text)
    __aeabi_memclr4                          0x08000711   Thumb Code     0  rt_memclr_w.o(.text)
    __aeabi_memclr8                          0x08000711   Thumb Code     0  rt_memclr_w.o(.text)
    __rt_memclr_w                            0x08000711   Thumb Code     0  rt_memclr_w.o(.text)
    _memset_w                                0x08000715   Thumb Code    74  rt_memclr_w.o(.text)
    __use_two_region_memory                  0x0800075f   Thumb Code     2  heapauxi.o(.text)
    __rt_heap_escrow$2region                 0x08000761   Thumb Code     2  heapauxi.o(.text)
    __rt_heap_expand$2region                 0x08000763   Thumb Code     2  heapauxi.o(.text)
    _printf_int_common                       0x08000765   Thumb Code   178  _printf_intcommon.o(.text)
    _printf_char_common                      0x08000823   Thumb Code    32  _printf_char_common.o(.text)
    _snputc                                  0x08000849   Thumb Code    16  _snputc.o(.text)
    __aeabi_memcpy4                          0x08000859   Thumb Code     0  rt_memcpy_w.o(.text)
    __aeabi_memcpy8                          0x08000859   Thumb Code     0  rt_memcpy_w.o(.text)
    __rt_memcpy_w                            0x08000859   Thumb Code   100  rt_memcpy_w.o(.text)
    _memcpy_lastbytes_aligned                0x080008a1   Thumb Code     0  rt_memcpy_w.o(.text)
    __user_setup_stackheap                   0x080008bd   Thumb Code    74  sys_stackheap_outer.o(.text)
    exit                                     0x08000907   Thumb Code    18  exit.o(.text)
    __user_libspace                          0x08000919   Thumb Code     8  libspace.o(.text)
    __user_perproc_libspace                  0x08000919   Thumb Code     0  libspace.o(.text)
    _sys_exit                                0x08000921   Thumb Code     8  sys_exit.o(.text)
    __I$use$semihosting                      0x0800092d   Thumb Code     0  use_no_semi.o(.text)
    __use_no_semihosting_swi                 0x0800092d   Thumb Code     2  use_no_semi.o(.text)
    __semihosting_library_function           0x0800092f   Thumb Code     0  indicate_semi.o(.text)
    _fp_init                                 0x08000931   Thumb Code    22  rtx_lib.o(.text.$Sub$$_fp_init)
    BSP_ACCELERO_Init                        0x08000949   Thumb Code    44  stm32l475e_iot01_accelero.o(.text.BSP_ACCELERO_Init)
    BSP_GYRO_Init                            0x08000975   Thumb Code    44  stm32l475e_iot01_gyro.o(.text.BSP_GYRO_Init)
    BSP_HSENSOR_Init                         0x080009a1   Thumb Code    34  stm32l475e_iot01_hsensor.o(.text.BSP_HSENSOR_Init)
    BSP_LED_Init                             0x080009c5   Thumb Code    72  stm32l475e_iot01.o(.text.BSP_LED_Init)
    BSP_PB_Init                              0x08000a0d   Thumb Code   136  stm32l475e_iot01.o(.text.BSP_PB_Init)
    BSP_PSENSOR_Init                         0x08000a95   Thumb Code    34  stm32l475e_iot01_psensor.o(.text.BSP_PSENSOR_Init)
    BSP_TSENSOR_Init                         0x08000ab9   Thumb Code    26  stm32l475e_iot01_tsensor.o(.text.BSP_TSENSOR_Init)
    BusFault_Handler                         0x08000ad5   Thumb Code     2  stm32l4xx_it.o(.text.BusFault_Handler)
    DebugMon_Handler                         0x08000ad9   Thumb Code     2  stm32l4xx_it.o(.text.DebugMon_Handler)
    EXTI15_10_IRQHandler                     0x08000add   Thumb Code    46  stm32l4xx_it.o(.text.EXTI15_10_IRQHandler)
    EXTI9_5_IRQHandler                       0x08000b0d   Thumb Code    32  stm32l4xx_it.o(.text.EXTI9_5_IRQHandler)
    Error_Handler                            0x08000b2d   Thumb Code     6  main.o(.text.Error_Handler)
    EvrRtxDelay                              0x08000b35   Thumb Code    16  rtx_evr.o(.text.EvrRtxDelay)
    EvrRtxDelayCompleted                     0x08000b45   Thumb Code    16  rtx_evr.o(.text.EvrRtxDelayCompleted)
    EvrRtxDelayError                         0x08000b55   Thumb Code    12  rtx_evr.o(.text.EvrRtxDelayError)
    EvrRtxDelayStarted                       0x08000b61   Thumb Code    16  rtx_evr.o(.text.EvrRtxDelayStarted)
    EvrRtxEventFlagsWaitTimeout              0x08000b71   Thumb Code    16  rtx_evr.o(.text.EvrRtxEventFlagsWaitTimeout)
    EvrRtxKernelError                        0x08000b81   Thumb Code    12  rtx_evr.o(.text.EvrRtxKernelError)
    EvrRtxKernelErrorNotify                  0x08000b8d   Thumb Code    12  rtx_evr.o(.text.EvrRtxKernelErrorNotify)
    EvrRtxKernelInitialize                   0x08000b99   Thumb Code    16  rtx_evr.o(.text.EvrRtxKernelInitialize)
    EvrRtxKernelInitialized                  0x08000ba9   Thumb Code    16  rtx_evr.o(.text.EvrRtxKernelInitialized)
    EvrRtxKernelStart                        0x08000bb9   Thumb Code    16  rtx_evr.o(.text.EvrRtxKernelStart)
    EvrRtxKernelStarted                      0x08000bc9   Thumb Code    16  rtx_evr.o(.text.EvrRtxKernelStarted)
    EvrRtxMemoryAlloc                        0x08000bd9   Thumb Code    32  rtx_evr.o(.text.EvrRtxMemoryAlloc)
    EvrRtxMemoryBlockAlloc                   0x08000bf9   Thumb Code    16  rtx_evr.o(.text.EvrRtxMemoryBlockAlloc)
    EvrRtxMemoryBlockFree                    0x08000c09   Thumb Code    34  rtx_evr.o(.text.EvrRtxMemoryBlockFree)
    EvrRtxMemoryBlockInit                    0x08000c2d   Thumb Code    32  rtx_evr.o(.text.EvrRtxMemoryBlockInit)
    EvrRtxMemoryFree                         0x08000c4d   Thumb Code    34  rtx_evr.o(.text.EvrRtxMemoryFree)
    EvrRtxMemoryInit                         0x08000c71   Thumb Code    30  rtx_evr.o(.text.EvrRtxMemoryInit)
    EvrRtxMemoryPoolAllocTimeout             0x08000c91   Thumb Code    16  rtx_evr.o(.text.EvrRtxMemoryPoolAllocTimeout)
    EvrRtxMessageQueueCreated                0x08000ca1   Thumb Code    16  rtx_evr.o(.text.EvrRtxMessageQueueCreated)
    EvrRtxMessageQueueError                  0x08000cb1   Thumb Code    12  rtx_evr.o(.text.EvrRtxMessageQueueError)
    EvrRtxMessageQueueGet                    0x08000cbd   Thumb Code    32  rtx_evr.o(.text.EvrRtxMessageQueueGet)
    EvrRtxMessageQueueGetPending             0x08000cdd   Thumb Code    34  rtx_evr.o(.text.EvrRtxMessageQueueGetPending)
    EvrRtxMessageQueueGetTimeout             0x08000d01   Thumb Code    16  rtx_evr.o(.text.EvrRtxMessageQueueGetTimeout)
    EvrRtxMessageQueueInsertPending          0x08000d11   Thumb Code    16  rtx_evr.o(.text.EvrRtxMessageQueueInsertPending)
    EvrRtxMessageQueueInserted               0x08000d21   Thumb Code    16  rtx_evr.o(.text.EvrRtxMessageQueueInserted)
    EvrRtxMessageQueueNotInserted            0x08000d31   Thumb Code    16  rtx_evr.o(.text.EvrRtxMessageQueueNotInserted)
    EvrRtxMessageQueueNotRetrieved           0x08000d41   Thumb Code    16  rtx_evr.o(.text.EvrRtxMessageQueueNotRetrieved)
    EvrRtxMessageQueuePut                    0x08000d51   Thumb Code    32  rtx_evr.o(.text.EvrRtxMessageQueuePut)
    EvrRtxMessageQueuePutPending             0x08000d71   Thumb Code    34  rtx_evr.o(.text.EvrRtxMessageQueuePutPending)
    EvrRtxMessageQueuePutTimeout             0x08000d95   Thumb Code    16  rtx_evr.o(.text.EvrRtxMessageQueuePutTimeout)
    EvrRtxMessageQueueRetrieved              0x08000da5   Thumb Code    16  rtx_evr.o(.text.EvrRtxMessageQueueRetrieved)
    EvrRtxMutexAcquire                       0x08000db5   Thumb Code    16  rtx_evr.o(.text.EvrRtxMutexAcquire)
    EvrRtxMutexAcquirePending                0x08000dc5   Thumb Code    16  rtx_evr.o(.text.EvrRtxMutexAcquirePending)
    EvrRtxMutexAcquireTimeout                0x08000dd5   Thumb Code    16  rtx_evr.o(.text.EvrRtxMutexAcquireTimeout)
    EvrRtxMutexAcquired                      0x08000de5   Thumb Code    16  rtx_evr.o(.text.EvrRtxMutexAcquired)
    EvrRtxMutexCreated                       0x08000df5   Thumb Code    16  rtx_evr.o(.text.EvrRtxMutexCreated)
    EvrRtxMutexDelete                        0x08000e05   Thumb Code    16  rtx_evr.o(.text.EvrRtxMutexDelete)
    EvrRtxMutexDestroyed                     0x08000e15   Thumb Code    16  rtx_evr.o(.text.EvrRtxMutexDestroyed)
    EvrRtxMutexError                         0x08000e25   Thumb Code    12  rtx_evr.o(.text.EvrRtxMutexError)
    EvrRtxMutexNew                           0x08000e31   Thumb Code    16  rtx_evr.o(.text.EvrRtxMutexNew)
    EvrRtxMutexNotAcquired                   0x08000e41   Thumb Code    16  rtx_evr.o(.text.EvrRtxMutexNotAcquired)
    EvrRtxMutexRelease                       0x08000e51   Thumb Code    16  rtx_evr.o(.text.EvrRtxMutexRelease)
    EvrRtxMutexReleased                      0x08000e61   Thumb Code    16  rtx_evr.o(.text.EvrRtxMutexReleased)
    EvrRtxSemaphoreAcquireTimeout            0x08000e71   Thumb Code    16  rtx_evr.o(.text.EvrRtxSemaphoreAcquireTimeout)
    EvrRtxThreadBlocked                      0x08000e81   Thumb Code    16  rtx_evr.o(.text.EvrRtxThreadBlocked)
    EvrRtxThreadCreated                      0x08000e91   Thumb Code    24  rtx_evr.o(.text.EvrRtxThreadCreated)
    EvrRtxThreadDestroyed                    0x08000ea9   Thumb Code    16  rtx_evr.o(.text.EvrRtxThreadDestroyed)
    EvrRtxThreadError                        0x08000eb9   Thumb Code    12  rtx_evr.o(.text.EvrRtxThreadError)
    EvrRtxThreadExit                         0x08000ec5   Thumb Code    16  rtx_evr.o(.text.EvrRtxThreadExit)
    EvrRtxThreadFlagsWaitCompleted           0x08000ed5   Thumb Code    32  rtx_evr.o(.text.EvrRtxThreadFlagsWaitCompleted)
    EvrRtxThreadFlagsWaitTimeout             0x08000ef5   Thumb Code    16  rtx_evr.o(.text.EvrRtxThreadFlagsWaitTimeout)
    EvrRtxThreadJoined                       0x08000f05   Thumb Code    16  rtx_evr.o(.text.EvrRtxThreadJoined)
    EvrRtxThreadNew                          0x08000f15   Thumb Code    34  rtx_evr.o(.text.EvrRtxThreadNew)
    EvrRtxThreadPreempted                    0x08000f39   Thumb Code    16  rtx_evr.o(.text.EvrRtxThreadPreempted)
    EvrRtxThreadSuspend                      0x08000f49   Thumb Code    16  rtx_evr.o(.text.EvrRtxThreadSuspend)
    EvrRtxThreadSuspended                    0x08000f59   Thumb Code    16  rtx_evr.o(.text.EvrRtxThreadSuspended)
    EvrRtxThreadSwitched                     0x08000f69   Thumb Code    16  rtx_evr.o(.text.EvrRtxThreadSwitched)
    EvrRtxThreadUnblocked                    0x08000f79   Thumb Code    16  rtx_evr.o(.text.EvrRtxThreadUnblocked)
    EvrRtxTimerCallback                      0x08000f89   Thumb Code    16  rtx_evr.o(.text.EvrRtxTimerCallback)
    EvrRtxTimerCreated                       0x08000f99   Thumb Code    16  rtx_evr.o(.text.EvrRtxTimerCreated)
    EvrRtxTimerError                         0x08000fa9   Thumb Code    12  rtx_evr.o(.text.EvrRtxTimerError)
    EvrRtxTimerNew                           0x08000fb5   Thumb Code    32  rtx_evr.o(.text.EvrRtxTimerNew)
    EvrRtxTimerStart                         0x08000fd5   Thumb Code    16  rtx_evr.o(.text.EvrRtxTimerStart)
    EvrRtxTimerStarted                       0x08000fe5   Thumb Code    16  rtx_evr.o(.text.EvrRtxTimerStarted)
    HAL_GPIO_DeInit                          0x08000ff5   Thumb Code   270  stm32l4xx_hal_gpio.o(.text.HAL_GPIO_DeInit)
    HAL_GPIO_EXTI_Callback                   0x0800110d   Thumb Code     2  stm32l4xx_hal_gpio.o(.text.HAL_GPIO_EXTI_Callback)
    HAL_GPIO_EXTI_IRQHandler                 0x08001111   Thumb Code    22  stm32l4xx_hal_gpio.o(.text.HAL_GPIO_EXTI_IRQHandler)
    HAL_GPIO_Init                            0x08001129   Thumb Code   432  stm32l4xx_hal_gpio.o(.text.HAL_GPIO_Init)
    HAL_GPIO_WritePin                        0x080012e1   Thumb Code    12  stm32l4xx_hal_gpio.o(.text.HAL_GPIO_WritePin)
    HAL_GetTick                              0x080012ed   Thumb Code    12  stm32l4xx_hal.o(.text.HAL_GetTick)
    HAL_I2CEx_ConfigAnalogFilter             0x080012f9   Thumb Code    74  stm32l4xx_hal_i2c_ex.o(.text.HAL_I2CEx_ConfigAnalogFilter)
    HAL_I2C_DeInit                           0x08001345   Thumb Code    54  stm32l4xx_hal_i2c.o(.text.HAL_I2C_DeInit)
    HAL_I2C_Init                             0x0800137d   Thumb Code   162  stm32l4xx_hal_i2c.o(.text.HAL_I2C_Init)
    HAL_I2C_Mem_Read                         0x08001421   Thumb Code   534  stm32l4xx_hal_i2c.o(.text.HAL_I2C_Mem_Read)
    HAL_I2C_Mem_Write                        0x0800163d   Thumb Code   522  stm32l4xx_hal_i2c.o(.text.HAL_I2C_Mem_Write)
    HAL_I2C_MspDeInit                        0x0800184d   Thumb Code    66  stm32l4xx_hal_msp.o(.text.HAL_I2C_MspDeInit)
    HAL_I2C_MspInit                          0x08001891   Thumb Code   148  stm32l4xx_hal_msp.o(.text.HAL_I2C_MspInit)
    HAL_Init                                 0x08001925   Thumb Code    30  stm32l4xx_hal.o(.text.HAL_Init)
    HAL_InitTick                             0x08001945   Thumb Code    84  stm32l4xx_hal.o(.text.HAL_InitTick)
    HAL_MspInit                              0x08001999   Thumb Code    50  stm32l4xx_hal_msp.o(.text.HAL_MspInit)
    HAL_NVIC_EnableIRQ                       0x080019cd   Thumb Code    32  stm32l4xx_hal_cortex.o(.text.HAL_NVIC_EnableIRQ)
    HAL_NVIC_SetPriority                     0x080019ed   Thumb Code    86  stm32l4xx_hal_cortex.o(.text.HAL_NVIC_SetPriority)
    HAL_NVIC_SetPriorityGrouping             0x08001a45   Thumb Code    32  stm32l4xx_hal_cortex.o(.text.HAL_NVIC_SetPriorityGrouping)
    HAL_PWREx_ControlVoltageScaling          0x08001a65   Thumb Code   134  stm32l4xx_hal_pwr_ex.o(.text.HAL_PWREx_ControlVoltageScaling)
    HAL_PWREx_GetVoltageRange                0x08001aed   Thumb Code    16  stm32l4xx_hal_pwr_ex.o(.text.HAL_PWREx_GetVoltageRange)
    HAL_PWR_EnableBkUpAccess                 0x08001afd   Thumb Code    18  stm32l4xx_hal_pwr.o(.text.HAL_PWR_EnableBkUpAccess)
    HAL_RCCEx_EnableMSIPLLMode               0x08001b11   Thumb Code    18  stm32l4xx_hal_rcc_ex.o(.text.HAL_RCCEx_EnableMSIPLLMode)
    HAL_RCCEx_PeriphCLKConfig                0x08001b25   Thumb Code   952  stm32l4xx_hal_rcc_ex.o(.text.HAL_RCCEx_PeriphCLKConfig)
    HAL_RCC_ClockConfig                      0x08001edd   Thumb Code   540  stm32l4xx_hal_rcc.o(.text.HAL_RCC_ClockConfig)
    HAL_RCC_OscConfig                        0x080020f9   Thumb Code  1854  stm32l4xx_hal_rcc.o(.text.HAL_RCC_OscConfig)
    HAL_SYSTICK_Config                       0x08002839   Thumb Code    44  stm32l4xx_hal_cortex.o(.text.HAL_SYSTICK_Config)
    HTS221_H_Init                            0x08002865   Thumb Code    32  hts221.o(.text.HTS221_H_Init)
    HTS221_H_ReadHumidity                    0x08002885   Thumb Code   196  hts221.o(.text.HTS221_H_ReadHumidity)
    HTS221_H_ReadID                          0x08002951   Thumb Code    20  hts221.o(.text.HTS221_H_ReadID)
    HTS221_T_Init                            0x08002965   Thumb Code    32  hts221.o(.text.HTS221_T_Init)
    HTS221_T_ReadTemp                        0x08002985   Thumb Code   158  hts221.o(.text.HTS221_T_ReadTemp)
    HardFault_Handler                        0x08002a25   Thumb Code     2  stm32l4xx_it.o(.text.HardFault_Handler)
    LPS22HB_P_Init                           0x08002dc1   Thumb Code    52  lps22hb.o(.text.LPS22HB_P_Init)
    LPS22HB_P_ReadID                         0x08002df5   Thumb Code    20  lps22hb.o(.text.LPS22HB_P_ReadID)
    LPS22HB_P_ReadPressure                   0x08002e09   Thumb Code   100  lps22hb.o(.text.LPS22HB_P_ReadPressure)
    LSM6DSL_AccDeInit                        0x08002e71   Thumb Code    26  lsm6dsl.o(.text.LSM6DSL_AccDeInit)
    LSM6DSL_AccInit                          0x08002e8d   Thumb Code    56  lsm6dsl.o(.text.LSM6DSL_AccInit)
    LSM6DSL_AccLowPower                      0x08002ec5   Thumb Code    42  lsm6dsl.o(.text.LSM6DSL_AccLowPower)
    LSM6DSL_AccReadID                        0x08002ef1   Thumb Code    18  lsm6dsl.o(.text.LSM6DSL_AccReadID)
    LSM6DSL_AccReadXYZ                       0x08002f05   Thumb Code   116  lsm6dsl.o(.text.LSM6DSL_AccReadXYZ)
    LSM6DSL_GyroDeInit                       0x08002f89   Thumb Code    26  lsm6dsl.o(.text.LSM6DSL_GyroDeInit)
    LSM6DSL_GyroInit                         0x08002fa5   Thumb Code    56  lsm6dsl.o(.text.LSM6DSL_GyroInit)
    LSM6DSL_GyroLowPower                     0x08002fdd   Thumb Code    42  lsm6dsl.o(.text.LSM6DSL_GyroLowPower)
    LSM6DSL_GyroReadID                       0x08003009   Thumb Code    18  lsm6dsl.o(.text.LSM6DSL_GyroReadID)
    LSM6DSL_GyroReadXYZAngRate               0x0800301d   Thumb Code   112  lsm6dsl.o(.text.LSM6DSL_GyroReadXYZAngRate)
    MemManage_Handler                        0x0800309d   Thumb Code     2  stm32l4xx_it.o(.text.MemManage_Handler)
    NMI_Handler                              0x080030a1   Thumb Code     2  stm32l4xx_it.o(.text.NMI_Handler)
    OS_Tick_AcknowledgeIRQ                   0x080030a5   Thumb Code    12  os_systick.o(.text.OS_Tick_AcknowledgeIRQ)
    OS_Tick_Enable                           0x080030b1   Thumb Code    50  os_systick.o(.text.OS_Tick_Enable)
    OS_Tick_GetCount                         0x080030e5   Thumb Code    24  os_systick.o(.text.OS_Tick_GetCount)
    OS_Tick_GetIRQn                          0x080030fd   Thumb Code     6  os_systick.o(.text.OS_Tick_GetIRQn)
    OS_Tick_GetInterval                      0x08003105   Thumb Code    14  os_systick.o(.text.OS_Tick_GetInterval)
    OS_Tick_GetOverflow                      0x08003115   Thumb Code    16  os_systick.o(.text.OS_Tick_GetOverflow)
    OS_Tick_Setup                            0x08003125   Thumb Code    72  os_systick.o(.text.OS_Tick_Setup)
    SENSOR_IO_Init                           0x0800345d   Thumb Code     4  stm32l475e_iot01.o(.text.SENSOR_IO_Init)
    SENSOR_IO_Read                           0x08003461   Thumb Code    72  stm32l475e_iot01.o(.text.SENSOR_IO_Read)
    SENSOR_IO_ReadMultiple                   0x080034a9   Thumb Code    62  stm32l475e_iot01.o(.text.SENSOR_IO_ReadMultiple)
    SENSOR_IO_Write                          0x080034e9   Thumb Code    68  stm32l475e_iot01.o(.text.SENSOR_IO_Write)
    SystemClock_Config                       0x0800352d   Thumb Code   146  main.o(.text.SystemClock_Config)
    SystemCoreClockUpdate                    0x080035c1   Thumb Code   190  system_stm32l4xx.o(.text.SystemCoreClockUpdate)
    SystemInit                               0x08003681   Thumb Code    68  system_stm32l4xx.o(.text.SystemInit)
    UsageFault_Handler                       0x080036c5   Thumb Code     2  stm32l4xx_it.o(.text.UsageFault_Handler)
    _mutex_acquire                           0x080036c9   Thumb Code    50  rtx_lib.o(.text._mutex_acquire)
    _mutex_free                              0x080036fd   Thumb Code     6  rtx_lib.o(.text._mutex_free)
    _mutex_initialize                        0x08003705   Thumb Code    32  rtx_lib.o(.text._mutex_initialize)
    _mutex_release                           0x08003725   Thumb Code    46  rtx_lib.o(.text._mutex_release)
    _platform_post_stackheap_init            0x08003755   Thumb Code     4  rtx_lib.o(.text._platform_post_stackheap_init)
    app_error_handler                        0x08003759   Thumb Code    36  faults.o(.text.app_error_handler)
    busy_wait_ms                             0x080037b9   Thumb Code    40  helpers.o(.text.busy_wait_ms)
    main                                     0x080037e1   Thumb Code   786  main.o(.text.main)
    osDelay                                  0x08003af5   Thumb Code    54  rtx_delay.o(.text.osDelay)
    osKernelGetState                         0x08003b2d   Thumb Code    50  rtx_kernel.o(.text.osKernelGetState)
    osKernelGetSysTimerCount                 0x08003b61   Thumb Code    72  rtx_kernel.o(.text.osKernelGetSysTimerCount)
    osKernelInitialize                       0x08003ba9   Thumb Code    54  rtx_kernel.o(.text.osKernelInitialize)
    osKernelStart                            0x08003be1   Thumb Code    50  rtx_kernel.o(.text.osKernelStart)
    osMessageQueueGet                        0x08003c15   Thumb Code   212  rtx_msgqueue.o(.text.osMessageQueueGet)
    osMessageQueuePut                        0x08003ce9   Thumb Code   162  rtx_msgqueue.o(.text.osMessageQueuePut)
    osMutexAcquire                           0x08003d8d   Thumb Code    60  rtx_mutex.o(.text.osMutexAcquire)
    osMutexDelete                            0x08003dc9   Thumb Code    56  rtx_mutex.o(.text.osMutexDelete)
    osMutexNew                               0x08003e01   Thumb Code    56  rtx_mutex.o(.text.osMutexNew)
    osMutexRelease                           0x08003e39   Thumb Code    56  rtx_mutex.o(.text.osMutexRelease)
    osRtxErrorNotify                         0x08003e71   Thumb Code     2  rtx_config.o(.text.osRtxErrorNotify)
    osRtxIdleThread                          0x08003e75   Thumb Code     2  rtx_config.o(.text.osRtxIdleThread)
    osRtxKernelBeforeInit                    0x08003e79   Thumb Code   244  rtx_lib.o(.text.osRtxKernelBeforeInit)
    osRtxKernelErrorNotify                   0x08003f6d   Thumb Code    22  rtx_kernel.o(.text.osRtxKernelErrorNotify)
    osRtxMemoryAlloc                         0x08003f85   Thumb Code   128  rtx_memory.o(.text.osRtxMemoryAlloc)
    osRtxMemoryFree                          0x08004005   Thumb Code    88  rtx_memory.o(.text.osRtxMemoryFree)
    osRtxMemoryInit                          0x0800405d   Thumb Code    64  rtx_memory.o(.text.osRtxMemoryInit)
    osRtxMemoryPoolAlloc                     0x0800409d   Thumb Code    68  rtx_mempool.o(.text.osRtxMemoryPoolAlloc)
    osRtxMemoryPoolFree                      0x080040e1   Thumb Code    86  rtx_mempool.o(.text.osRtxMemoryPoolFree)
    osRtxMemoryPoolInit                      0x08004139   Thumb Code    96  rtx_mempool.o(.text.osRtxMemoryPoolInit)
    osRtxMessageQueueTimerSetup              0x08004355   Thumb Code    44  rtx_msgqueue.o(.text.osRtxMessageQueueTimerSetup)
    osRtxMutexOwnerRelease                   0x08004381   Thumb Code   100  rtx_mutex.o(.text.osRtxMutexOwnerRelease)
    osRtxMutexOwnerRestore                   0x080043e5   Thumb Code    80  rtx_mutex.o(.text.osRtxMutexOwnerRestore)
    osRtxPendSV_Handler                      0x08004435   Thumb Code   136  rtx_system.o(.text.osRtxPendSV_Handler)
    osRtxPostProcess                         0x080044e1   Thumb Code   118  rtx_system.o(.text.osRtxPostProcess)
    osRtxThreadBeforeFree                    0x08004559   Thumb Code    36  rtx_lib.o(.text.osRtxThreadBeforeFree)
    osRtxThreadDelayTick                     0x0800457d   Thumb Code   356  rtx_thread.o(.text.osRtxThreadDelayTick)
    osRtxThreadDispatch                      0x080046e1   Thumb Code   276  rtx_thread.o(.text.osRtxThreadDispatch)
    osRtxThreadListGet                       0x0800485d   Thumb Code    20  rtx_thread.o(.text.osRtxThreadListGet)
    osRtxThreadListPut                       0x08004871   Thumb Code    44  rtx_thread.o(.text.osRtxThreadListPut)
    osRtxThreadListRemove                    0x0800489d   Thumb Code    26  rtx_thread.o(.text.osRtxThreadListRemove)
    osRtxThreadListSort                      0x080048b9   Thumb Code   106  rtx_thread.o(.text.osRtxThreadListSort)
    osRtxThreadReadyPut                      0x080049c5   Thumb Code    60  rtx_thread.o(.text.osRtxThreadReadyPut)
    osRtxThreadRegPtr                        0x08004a01   Thumb Code    20  rtx_thread.o(.text.osRtxThreadRegPtr)
    osRtxThreadStackCheck                    0x08004a15   Thumb Code    32  rtx_thread.o(.text.osRtxThreadStackCheck)
    osRtxThreadStartup                       0x08004a35   Thumb Code    74  rtx_thread.o(.text.osRtxThreadStartup)
    osRtxThreadSwitch                        0x08004a81   Thumb Code    36  rtx_thread.o(.text.osRtxThreadSwitch)
    osRtxThreadWaitEnter                     0x08004aa5   Thumb Code   250  rtx_thread.o(.text.osRtxThreadWaitEnter)
    osRtxThreadWaitExit                      0x08004ba1   Thumb Code   164  rtx_thread.o(.text.osRtxThreadWaitExit)
    osRtxTick_Handler                        0x08004c45   Thumb Code   132  rtx_system.o(.text.osRtxTick_Handler)
    osRtxTimerSetup                          0x08004cc9   Thumb Code    38  rtx_timer.o(.text.osRtxTimerSetup)
    osRtxTimerThread                         0x08004cf1   Thumb Code    42  rtx_timer.o(.text.osRtxTimerThread)
    osThreadExit                             0x08004ded   Thumb Code    26  rtx_thread.o(.text.osThreadExit)
    osThreadNew                              0x08004e09   Thumb Code    64  rtx_thread.o(.text.osThreadNew)
    osThreadSuspend                          0x08004e49   Thumb Code    56  rtx_thread.o(.text.osThreadSuspend)
    osTimerNew                               0x08004e81   Thumb Code    74  rtx_timer.o(.text.osTimerNew)
    osTimerStart                             0x08004ecd   Thumb Code    60  rtx_timer.o(.text.osTimerStart)
    task1                                    0x08005f59   Thumb Code     6  tasks.o(.text.task1)
    task2                                    0x08005f61   Thumb Code     6  tasks.o(.text.task2)
    task3                                    0x08005f69   Thumb Code     6  tasks.o(.text.task3)
    timeline_task_thread                     0x08005f71   Thumb Code   158  timeline.o(.text.timeline_task_thread)
    vioInit                                  0x08006011   Thumb Code   142  vio_bl475eiot01a.o(.text.vioInit)
    Long Thumb to Thumb Veneer to EventRecord2 0x0800609f   Thumb Code    10  anon$$obj.o(Veneer$$Code)
    Long Thumb to Thumb Veneer to EventRecord4 0x080060a9   Thumb Code    10  anon$$obj.o(Veneer$$Code)
    Long Thumb to Thumb Veneer to EventRecordData 0x080060b3   Thumb Code    10  anon$$obj.o(Veneer$$Code)
    Long Thumb to Thumb Veneer to EventRecorderInitialize 0x080060bd   Thumb Code    10  anon$$obj.o(Veneer$$Code)
    Long Thumb to Thumb Veneer to EventRecorderEnable 0x080060c7   Thumb Code    10  anon$$obj.o(Veneer$$Code)
    Long Thumb to Thumb Veneer to EventRecorderDisable 0x080060d1   Thumb Code    10  anon$$obj.o(Veneer$$Code)
    _is_digit                                0x080060db   Thumb Code    14  __printf_wp.o(i._is_digit)
    $Super$$_fp_init                         0x080060e9   Thumb Code    26  fpinit.o(x$fpl$fpinit)
    __fplib_config_fpu_vfp                   0x08006101   Thumb Code     0  fpinit.o(x$fpl$fpinit)
    __fplib_config_pureend_doubles           0x08006101   Thumb Code     0  fpinit.o(x$fpl$fpinit)
    osRtxConfig                              0x08006114   Data         112  rtx_lib.o(.rodata)
    os_cb_sections                           0x08006184   Data          56  rtx_lib.o(.rodata)
    AHBPrescTable                            0x080061bc   Data          16  system_stm32l4xx.o(.rodata.AHBPrescTable)
    MSIRangeTable                            0x080061cc   Data          48  system_stm32l4xx.o(.rodata.MSIRangeTable)
    osRtxUserSVC                             0x080061fc   Data           4  rtx_lib.o(.rodata.osRtxUserSVC)
    Region$$Table$$Base                      0x0800626c   Number         0  anon$$obj.o(Region$$Table)
    Region$$Table$$Limit                     0x0800629c   Number         0  anon$$obj.o(Region$$Table)
    EventRecord2                             0x10000001   Thumb Code   408  eventrecorder.o(.text.EventRecord2)
    EventRecord4                             0x100001a1   Thumb Code   736  eventrecorder.o(.text.EventRecord4)
    EventRecordData                          0x10000489   Thumb Code  1444  eventrecorder.o(.text.EventRecordData)
    EventRecorderDisable                     0x10000a35   Thumb Code   122  eventrecorder.o(.text.EventRecorderDisable)
    EventRecorderEnable                      0x10000ab1   Thumb Code   120  eventrecorder.o(.text.EventRecorderEnable)
    EventRecorderInitialize                  0x10000b29   Thumb Code   728  eventrecorder.o(.text.EventRecorderInitialize)
    EventRecorderStart                       0x10000e09   Thumb Code   328  eventrecorder.o(.text.EventRecorderStart)
    EventRecorderTimerGetCount               0x10000f51   Thumb Code    44  eventrecorder.o(.text.EventRecorderTimerGetCount)
    EventRecorderTimerSetup                  0x10000f7d   Thumb Code    16  eventrecorder.o(.text.EventRecorderTimerSetup)
    Long Thumb to Thumb Veneer to __aeabi_memcpy 0x10000f8d   Thumb Code    10  anon$$obj.o(Veneer$$Code)
    Long Thumb to Thumb Veneer to __aeabi_memclr4 0x10000f97   Thumb Code    10  anon$$obj.o(Veneer$$Code)
    Long Thumb to Thumb Veneer to __aeabi_memclr8 0x10000fa1   Thumb Code    10  anon$$obj.o(Veneer$$Code)
    Long Thumb to Thumb Veneer to osKernelGetState 0x10000fab   Thumb Code    10  anon$$obj.o(Veneer$$Code)
    Long Thumb to Thumb Veneer to osKernelGetSysTimerCount 0x10000fb5   Thumb Code    10  anon$$obj.o(Veneer$$Code)
    EventRecorderInfo                        0x10000fc0   Data          24  eventrecorder.o(.rodata.EventRecorderInfo)
    BUTTON_PORT                              0x20000000   Data           4  stm32l475e_iot01.o(.data.BUTTON_PORT)
    GPIO_PORT                                0x20000004   Data           4  stm32l475e_iot01.o(.data.GPIO_PORT)
    HTS221_H_Drv                             0x20000008   Data          12  hts221.o(.data.HTS221_H_Drv)
    HTS221_T_Drv                             0x20000014   Data          16  hts221.o(.data.HTS221_T_Drv)
    LPS22HB_P_Drv                            0x20000024   Data          12  lps22hb.o(.data.LPS22HB_P_Drv)
    Lsm6dslAccDrv                            0x20000030   Data          52  lsm6dsl.o(.data.Lsm6dslAccDrv)
    Lsm6dslGyroDrv                           0x20000064   Data          52  lsm6dsl.o(.data.Lsm6dslGyroDrv)
    SystemCoreClock                          0x20000098   Data           4  system_stm32l4xx.o(.data.SystemCoreClock)
    osRtxInfo                                0x2000009c   Data         164  rtx_kernel.o(.data.os)
    uwTickFreq                               0x20000140   Data           1  stm32l4xx_hal.o(.data.uwTickFreq)
    uwTickPrio                               0x20000144   Data           4  stm32l4xx_hal.o(.data.uwTickPrio)
    __libspace_start                         0x20000200   Data          96  libspace.o(.bss)
    __temporary_stack_top$libspace           0x20000260   Data           0  libspace.o(.bss)
    hI2cHandler                              0x2000026c   Data          76  stm32l475e_iot01.o(.bss.hI2cHandler)
    .bss.os.msgqueue.cb$$Base                0x2000899c   Number         0  rtx_lib.o(.bss.os.msgqueue.cb)
    .bss.os.msgqueue.cb$$Limit               0x200089d0   Number         0  rtx_lib.o(.bss.os.msgqueue.cb)
    .bss.os.thread.cb$$Base                  0x20008a20   Number         0  rtx_lib.o(.bss.os.thread.cb)
    .bss.os.thread.cb$$Limit                 0x20008ac0   Number         0  rtx_lib.o(.bss.os.thread.cb)
    tid_thr_app_main                         0x20008ec4   Data           4  main.o(.bss.tid_thr_app_main)
    uwTick                                   0x20008ec8   Data           4  stm32l4xx_hal.o(.bss.uwTick)
    vioAddrIPv4                              0x20008ed0   Data           8  vio_bl475eiot01a.o(.bss.vioAddrIPv4)
    vioAddrIPv6                              0x20008ed8   Data          32  vio_bl475eiot01a.o(.bss.vioAddrIPv6)
    vioPrintMem                              0x20008ef8   Data         256  vio_bl475eiot01a.o(.bss.vioPrintMem)
    vioSignalIn                              0x20008ff8   Data           4  vio_bl475eiot01a.o(.bss.vioSignalIn)
    vioSignalOut                             0x20008ffc   Data           4  vio_bl475eiot01a.o(.bss.vioSignalOut)
    vioValue                                 0x20009000   Data          12  vio_bl475eiot01a.o(.bss.vioValue)
    vioValueXYZ                              0x2000900c   Data          36  vio_bl475eiot01a.o(.bss.vioValueXYZ)



==============================================================================

Memory Map of the image

  Image Entry point : 0x08000189

  Load Region LR_IROM1 (Base: 0x08000000, Size: 0x00007480, Max: 0x00100000, ABSOLUTE, COMPRESSED[0x00007300])

    Execution Region ER_IROM1 (Exec base: 0x08000000, Load base: 0x08000000, Size: 0x0000629c, Max: 0x00100000, ABSOLUTE)

    Exec Addr    Load Addr    Size         Type   Attr      Idx    E Section Name        Object

    0x08000000   0x08000000   0x00000188   Data   RO         2620    RESET               startup_stm32l475xx.o
    0x08000188   0x08000188   0x00000008   Code   RO         2689  * !!!main             c_w.l(__main.o)
    0x08000190   0x08000190   0x0000005c   Code   RO         3014    !!!scatter          c_w.l(__scatter.o)
    0x080001ec   0x080001ec   0x0000003a   Code   RO         3012    !!dczerorl          c_w.l(__dczerorl.o)
    0x08000226   0x08000226   0x00000002   PAD
    0x08000228   0x08000228   0x0000001a   Code   RO         3018    !!handler_copy      c_w.l(__scatter_copy.o)
    0x08000242   0x08000242   0x00000002   PAD
    0x08000244   0x08000244   0x00000002   Code   RO         3015    !!handler_null      c_w.l(__scatter.o)
    0x08000246   0x08000246   0x00000002   PAD
    0x08000248   0x08000248   0x0000001c   Code   RO         3020    !!handler_zi        c_w.l(__scatter_zi.o)
    0x08000264   0x08000264   0x00000000   Code   RO         2678    .ARM.Collect$$_printf_percent$$00000000  c_w.l(_printf_percent.o)
    0x08000264   0x08000264   0x00000006   Code   RO         2677    .ARM.Collect$$_printf_percent$$00000009  c_w.l(_printf_d.o)
    0x0800026a   0x0800026a   0x00000004   Code   RO         2756    .ARM.Collect$$_printf_percent$$00000017  c_w.l(_printf_percent_end.o)
    0x0800026e   0x0800026e   0x00000002   Code   RO         2862    .ARM.Collect$$libinit$$00000000  c_w.l(libinit.o)
    0x08000270   0x08000270   0x00000004   Code   RO         2886    .ARM.Collect$$libinit$$00000001  c_w.l(libinit2.o)
    0x08000274   0x08000274   0x00000000   Code   RO         2889    .ARM.Collect$$libinit$$00000004  c_w.l(libinit2.o)
    0x08000274   0x08000274   0x00000000   Code   RO         2891    .ARM.Collect$$libinit$$00000006  c_w.l(libinit2.o)
    0x08000274   0x08000274   0x00000000   Code   RO         2894    .ARM.Collect$$libinit$$0000000C  c_w.l(libinit2.o)
    0x08000274   0x08000274   0x00000000   Code   RO         2896    .ARM.Collect$$libinit$$0000000E  c_w.l(libinit2.o)
    0x08000274   0x08000274   0x00000000   Code   RO         2898    .ARM.Collect$$libinit$$00000010  c_w.l(libinit2.o)
    0x08000274   0x08000274   0x00000000   Code   RO         2901    .ARM.Collect$$libinit$$00000013  c_w.l(libinit2.o)
    0x08000274   0x08000274   0x00000000   Code   RO         2903    .ARM.Collect$$libinit$$00000015  c_w.l(libinit2.o)
    0x08000274   0x08000274   0x00000000   Code   RO         2905    .ARM.Collect$$libinit$$00000017  c_w.l(libinit2.o)
    0x08000274   0x08000274   0x00000000   Code   RO         2907    .ARM.Collect$$libinit$$00000019  c_w.l(libinit2.o)
    0x08000274   0x08000274   0x00000000   Code   RO         2909    .ARM.Collect$$libinit$$0000001B  c_w.l(libinit2.o)
    0x08000274   0x08000274   0x00000000   Code   RO         2911    .ARM.Collect$$libinit$$0000001D  c_w.l(libinit2.o)
    0x08000274   0x08000274   0x00000000   Code   RO         2913    .ARM.Collect$$libinit$$0000001F  c_w.l(libinit2.o)
    0x08000274   0x08000274   0x00000000   Code   RO         2915    .ARM.Collect$$libinit$$00000021  c_w.l(libinit2.o)
    0x08000274   0x08000274   0x00000000   Code   RO         2917    .ARM.Collect$$libinit$$00000023  c_w.l(libinit2.o)
    0x08000274   0x08000274   0x00000000   Code   RO         2919    .ARM.Collect$$libinit$$00000025  c_w.l(libinit2.o)
    0x08000274   0x08000274   0x00000000   Code   RO         2921    .ARM.Collect$$libinit$$00000027  c_w.l(libinit2.o)
    0x08000274   0x08000274   0x00000000   Code   RO         2925    .ARM.Collect$$libinit$$0000002E  c_w.l(libinit2.o)
    0x08000274   0x08000274   0x00000000   Code   RO         2927    .ARM.Collect$$libinit$$00000030  c_w.l(libinit2.o)
    0x08000274   0x08000274   0x00000000   Code   RO         2929    .ARM.Collect$$libinit$$00000032  c_w.l(libinit2.o)
    0x08000274   0x08000274   0x00000000   Code   RO         2931    .ARM.Collect$$libinit$$00000034  c_w.l(libinit2.o)
    0x08000274   0x08000274   0x00000002   Code   RO         2932    .ARM.Collect$$libinit$$00000035  c_w.l(libinit2.o)
    0x08000276   0x08000276   0x00000002   Code   RO         2967    .ARM.Collect$$libshutdown$$00000000  c_w.l(libshutdown.o)
    0x08000278   0x08000278   0x00000000   Code   RO         2995    .ARM.Collect$$libshutdown$$00000002  c_w.l(libshutdown2.o)
    0x08000278   0x08000278   0x00000000   Code   RO         2997    .ARM.Collect$$libshutdown$$00000004  c_w.l(libshutdown2.o)
    0x08000278   0x08000278   0x00000000   Code   RO         3000    .ARM.Collect$$libshutdown$$00000007  c_w.l(libshutdown2.o)
    0x08000278   0x08000278   0x00000000   Code   RO         3003    .ARM.Collect$$libshutdown$$0000000A  c_w.l(libshutdown2.o)
    0x08000278   0x08000278   0x00000000   Code   RO         3005    .ARM.Collect$$libshutdown$$0000000C  c_w.l(libshutdown2.o)
    0x08000278   0x08000278   0x00000000   Code   RO         3008    .ARM.Collect$$libshutdown$$0000000F  c_w.l(libshutdown2.o)
    0x08000278   0x08000278   0x00000002   Code   RO         3009    .ARM.Collect$$libshutdown$$00000010  c_w.l(libshutdown2.o)
    0x0800027a   0x0800027a   0x00000000   Code   RO         2693    .ARM.Collect$$rtentry$$00000000  c_w.l(__rtentry.o)
    0x0800027a   0x0800027a   0x00000000   Code   RO         2777    .ARM.Collect$$rtentry$$00000002  c_w.l(__rtentry2.o)
    0x0800027a   0x0800027a   0x00000006   Code   RO         2789    .ARM.Collect$$rtentry$$00000004  c_w.l(__rtentry4.o)
    0x08000280   0x08000280   0x00000008   Code   RO         2778    .ARM.Collect$$rtentry$$00000008  c_w.l(__rtentry2.o)
    0x08000288   0x08000288   0x00000004   Code   RO         2780    .ARM.Collect$$rtentry$$0000000A  c_w.l(__rtentry2.o)
    0x0800028c   0x0800028c   0x00000000   Code   RO         2782    .ARM.Collect$$rtentry$$0000000C  c_w.l(__rtentry2.o)
    0x0800028c   0x0800028c   0x00000008   Code   RO         2783    .ARM.Collect$$rtentry$$0000000D  c_w.l(__rtentry2.o)
    0x08000294   0x08000294   0x00000002   Code   RO         2871    .ARM.Collect$$rtexit$$00000000  c_w.l(rtexit.o)
    0x08000296   0x08000296   0x00000000   Code   RO         2938    .ARM.Collect$$rtexit$$00000002  c_w.l(rtexit2.o)
    0x08000296   0x08000296   0x00000004   Code   RO         2939    .ARM.Collect$$rtexit$$00000003  c_w.l(rtexit2.o)
    0x0800029a   0x0800029a   0x00000006   Code   RO         2940    .ARM.Collect$$rtexit$$00000004  c_w.l(rtexit2.o)
    0x080002a0   0x080002a0   0x0000010c   Code   RO          395    .text               irq_armv7m.o
    0x080003ac   0x080003ac   0x00000040   Code   RO         2621    .text               startup_stm32l475xx.o
    0x080003ec   0x080003ec   0x00000040   Code   RO         2649    .text               c_w.l(__2snprintf.o)
    0x0800042c   0x0800042c   0x00000078   Code   RO         2655    .text               c_w.l(_printf_dec.o)
    0x080004a4   0x080004a4   0x0000018e   Code   RO         2674    .text               c_w.l(__printf_flags_ss_wp.o)
    0x08000632   0x08000632   0x0000008a   Code   RO         2679    .text               c_w.l(rt_memcpy_v6.o)
    0x080006bc   0x080006bc   0x00000010   Code   RO         2681    .text               c_w.l(aeabi_memset4.o)
    0x080006cc   0x080006cc   0x00000044   Code   RO         2683    .text               c_w.l(rt_memclr.o)
    0x08000710   0x08000710   0x0000004e   Code   RO         2685    .text               c_w.l(rt_memclr_w.o)
    0x0800075e   0x0800075e   0x00000006   Code   RO         2687    .text               c_w.l(heapauxi.o)
    0x08000764   0x08000764   0x000000b2   Code   RO         2704    .text               c_w.l(_printf_intcommon.o)
    0x08000816   0x08000816   0x00000002   PAD
    0x08000818   0x08000818   0x00000030   Code   RO         2708    .text               c_w.l(_printf_char_common.o)
    0x08000848   0x08000848   0x00000010   Code   RO         2710    .text               c_w.l(_snputc.o)
    0x08000858   0x08000858   0x00000064   Code   RO         2766    .text               c_w.l(rt_memcpy_w.o)
    0x080008bc   0x080008bc   0x0000004a   Code   RO         2810    .text               c_w.l(sys_stackheap_outer.o)
    0x08000906   0x08000906   0x00000012   Code   RO         2853    .text               c_w.l(exit.o)
    0x08000918   0x08000918   0x00000008   Code   RO         2868    .text               c_w.l(libspace.o)
    0x08000920   0x08000920   0x0000000c   Code   RO         2933    .text               c_w.l(sys_exit.o)
    0x0800092c   0x0800092c   0x00000002   Code   RO         2956    .text               c_w.l(use_no_semi.o)
    0x0800092e   0x0800092e   0x00000000   Code   RO         2958    .text               c_w.l(indicate_semi.o)
    0x0800092e   0x0800092e   0x00000002   PAD
    0x08000930   0x08000930   0x00000016   Code   RO          909    .text.$Sub$$_fp_init  rtx_lib.o
    0x08000946   0x08000946   0x00000002   PAD
    0x08000948   0x08000948   0x0000002c   Code   RO          216    .text.BSP_ACCELERO_Init  stm32l475e_iot01_accelero.o
    0x08000974   0x08000974   0x0000002c   Code   RO          233    .text.BSP_GYRO_Init  stm32l475e_iot01_gyro.o
    0x080009a0   0x080009a0   0x00000022   Code   RO          250    .text.BSP_HSENSOR_Init  stm32l475e_iot01_hsensor.o
    0x080009c2   0x080009c2   0x00000002   PAD
    0x080009c4   0x080009c4   0x00000048   Code   RO          140    .text.BSP_LED_Init  stm32l475e_iot01.o
    0x08000a0c   0x08000a0c   0x00000088   Code   RO          150    .text.BSP_PB_Init   stm32l475e_iot01.o
    0x08000a94   0x08000a94   0x00000022   Code   RO          281    .text.BSP_PSENSOR_Init  stm32l475e_iot01_psensor.o
    0x08000ab6   0x08000ab6   0x00000002   PAD
    0x08000ab8   0x08000ab8   0x0000001a   Code   RO          295    .text.BSP_TSENSOR_Init  stm32l475e_iot01_tsensor.o
    0x08000ad2   0x08000ad2   0x00000002   PAD
    0x08000ad4   0x08000ad4   0x00000002   Code   RO           82    .text.BusFault_Handler  stm32l4xx_it.o
    0x08000ad6   0x08000ad6   0x00000002   PAD
    0x08000ad8   0x08000ad8   0x00000002   Code   RO           86    .text.DebugMon_Handler  stm32l4xx_it.o
    0x08000ada   0x08000ada   0x00000002   PAD
    0x08000adc   0x08000adc   0x0000002e   Code   RO           90    .text.EXTI15_10_IRQHandler  stm32l4xx_it.o
    0x08000b0a   0x08000b0a   0x00000002   PAD
    0x08000b0c   0x08000b0c   0x00000020   Code   RO           88    .text.EXTI9_5_IRQHandler  stm32l4xx_it.o
    0x08000b2c   0x08000b2c   0x00000006   Code   RO           52    .text.Error_Handler  main.o
    0x08000b32   0x08000b32   0x00000002   PAD
    0x08000b34   0x08000b34   0x00000010   Code   RO          619    .text.EvrRtxDelay   rtx_evr.o
    0x08000b44   0x08000b44   0x00000010   Code   RO          627    .text.EvrRtxDelayCompleted  rtx_evr.o
    0x08000b54   0x08000b54   0x0000000c   Code   RO          617    .text.EvrRtxDelayError  rtx_evr.o
    0x08000b60   0x08000b60   0x00000010   Code   RO          623    .text.EvrRtxDelayStarted  rtx_evr.o
    0x08000b70   0x08000b70   0x00000010   Code   RO          675    .text.EvrRtxEventFlagsWaitTimeout  rtx_evr.o
    0x08000b80   0x08000b80   0x0000000c   Code   RO          469    .text.EvrRtxKernelError  rtx_evr.o
    0x08000b8c   0x08000b8c   0x0000000c   Code   RO          511    .text.EvrRtxKernelErrorNotify  rtx_evr.o
    0x08000b98   0x08000b98   0x00000010   Code   RO          471    .text.EvrRtxKernelInitialize  rtx_evr.o
    0x08000ba8   0x08000ba8   0x00000010   Code   RO          473    .text.EvrRtxKernelInitialized  rtx_evr.o
    0x08000bb8   0x08000bb8   0x00000010   Code   RO          479    .text.EvrRtxKernelStart  rtx_evr.o
    0x08000bc8   0x08000bc8   0x00000010   Code   RO          481    .text.EvrRtxKernelStarted  rtx_evr.o
    0x08000bd8   0x08000bd8   0x00000020   Code   RO          459    .text.EvrRtxMemoryAlloc  rtx_evr.o
    0x08000bf8   0x08000bf8   0x00000010   Code   RO          465    .text.EvrRtxMemoryBlockAlloc  rtx_evr.o
    0x08000c08   0x08000c08   0x00000022   Code   RO          467    .text.EvrRtxMemoryBlockFree  rtx_evr.o
    0x08000c2a   0x08000c2a   0x00000002   PAD
    0x08000c2c   0x08000c2c   0x00000020   Code   RO          463    .text.EvrRtxMemoryBlockInit  rtx_evr.o
    0x08000c4c   0x08000c4c   0x00000022   Code   RO          461    .text.EvrRtxMemoryFree  rtx_evr.o
    0x08000c6e   0x08000c6e   0x00000002   PAD
    0x08000c70   0x08000c70   0x0000001e   Code   RO          457    .text.EvrRtxMemoryInit  rtx_evr.o
    0x08000c8e   0x08000c8e   0x00000002   PAD
    0x08000c90   0x08000c90   0x00000010   Code   RO          753    .text.EvrRtxMemoryPoolAllocTimeout  rtx_evr.o
    0x08000ca0   0x08000ca0   0x00000010   Code   RO          781    .text.EvrRtxMessageQueueCreated  rtx_evr.o
    0x08000cb0   0x08000cb0   0x0000000c   Code   RO          777    .text.EvrRtxMessageQueueError  rtx_evr.o
    0x08000cbc   0x08000cbc   0x00000020   Code   RO          797    .text.EvrRtxMessageQueueGet  rtx_evr.o
    0x08000cdc   0x08000cdc   0x00000022   Code   RO          799    .text.EvrRtxMessageQueueGetPending  rtx_evr.o
    0x08000cfe   0x08000cfe   0x00000002   PAD
    0x08000d00   0x08000d00   0x00000010   Code   RO          801    .text.EvrRtxMessageQueueGetTimeout  rtx_evr.o
    0x08000d10   0x08000d10   0x00000010   Code   RO          791    .text.EvrRtxMessageQueueInsertPending  rtx_evr.o
    0x08000d20   0x08000d20   0x00000010   Code   RO          793    .text.EvrRtxMessageQueueInserted  rtx_evr.o
    0x08000d30   0x08000d30   0x00000010   Code   RO          795    .text.EvrRtxMessageQueueNotInserted  rtx_evr.o
    0x08000d40   0x08000d40   0x00000010   Code   RO          805    .text.EvrRtxMessageQueueNotRetrieved  rtx_evr.o
    0x08000d50   0x08000d50   0x00000020   Code   RO          785    .text.EvrRtxMessageQueuePut  rtx_evr.o
    0x08000d70   0x08000d70   0x00000022   Code   RO          787    .text.EvrRtxMessageQueuePutPending  rtx_evr.o
    0x08000d92   0x08000d92   0x00000002   PAD
    0x08000d94   0x08000d94   0x00000010   Code   RO          789    .text.EvrRtxMessageQueuePutTimeout  rtx_evr.o
    0x08000da4   0x08000da4   0x00000010   Code   RO          803    .text.EvrRtxMessageQueueRetrieved  rtx_evr.o
    0x08000db4   0x08000db4   0x00000010   Code   RO          693    .text.EvrRtxMutexAcquire  rtx_evr.o
    0x08000dc4   0x08000dc4   0x00000010   Code   RO          695    .text.EvrRtxMutexAcquirePending  rtx_evr.o
    0x08000dd4   0x08000dd4   0x00000010   Code   RO          697    .text.EvrRtxMutexAcquireTimeout  rtx_evr.o
    0x08000de4   0x08000de4   0x00000010   Code   RO          699    .text.EvrRtxMutexAcquired  rtx_evr.o
    0x08000df4   0x08000df4   0x00000010   Code   RO          689    .text.EvrRtxMutexCreated  rtx_evr.o
    0x08000e04   0x08000e04   0x00000010   Code   RO          709    .text.EvrRtxMutexDelete  rtx_evr.o
    0x08000e14   0x08000e14   0x00000010   Code   RO          711    .text.EvrRtxMutexDestroyed  rtx_evr.o
    0x08000e24   0x08000e24   0x0000000c   Code   RO          685    .text.EvrRtxMutexError  rtx_evr.o
    0x08000e30   0x08000e30   0x00000010   Code   RO          687    .text.EvrRtxMutexNew  rtx_evr.o
    0x08000e40   0x08000e40   0x00000010   Code   RO          701    .text.EvrRtxMutexNotAcquired  rtx_evr.o
    0x08000e50   0x08000e50   0x00000010   Code   RO          703    .text.EvrRtxMutexRelease  rtx_evr.o
    0x08000e60   0x08000e60   0x00000010   Code   RO          705    .text.EvrRtxMutexReleased  rtx_evr.o
    0x08000e70   0x08000e70   0x00000010   Code   RO          725    .text.EvrRtxSemaphoreAcquireTimeout  rtx_evr.o
    0x08000e80   0x08000e80   0x00000010   Code   RO          561    .text.EvrRtxThreadBlocked  rtx_evr.o
    0x08000e90   0x08000e90   0x00000018   Code   RO          519    .text.EvrRtxThreadCreated  rtx_evr.o
    0x08000ea8   0x08000ea8   0x00000010   Code   RO          573    .text.EvrRtxThreadDestroyed  rtx_evr.o
    0x08000eb8   0x08000eb8   0x0000000c   Code   RO          515    .text.EvrRtxThreadError  rtx_evr.o
    0x08000ec4   0x08000ec4   0x00000010   Code   RO          569    .text.EvrRtxThreadExit  rtx_evr.o
    0x08000ed4   0x08000ed4   0x00000020   Code   RO          613    .text.EvrRtxThreadFlagsWaitCompleted  rtx_evr.o
    0x08000ef4   0x08000ef4   0x00000010   Code   RO          611    .text.EvrRtxThreadFlagsWaitTimeout  rtx_evr.o
    0x08000f04   0x08000f04   0x00000010   Code   RO          559    .text.EvrRtxThreadJoined  rtx_evr.o
    0x08000f14   0x08000f14   0x00000022   Code   RO          517    .text.EvrRtxThreadNew  rtx_evr.o
    0x08000f36   0x08000f36   0x00000002   PAD
    0x08000f38   0x08000f38   0x00000010   Code   RO          565    .text.EvrRtxThreadPreempted  rtx_evr.o
    0x08000f48   0x08000f48   0x00000010   Code   RO          543    .text.EvrRtxThreadSuspend  rtx_evr.o
    0x08000f58   0x08000f58   0x00000010   Code   RO          545    .text.EvrRtxThreadSuspended  rtx_evr.o
    0x08000f68   0x08000f68   0x00000010   Code   RO          567    .text.EvrRtxThreadSwitched  rtx_evr.o
    0x08000f78   0x08000f78   0x00000010   Code   RO          563    .text.EvrRtxThreadUnblocked  rtx_evr.o
    0x08000f88   0x08000f88   0x00000010   Code   RO          631    .text.EvrRtxTimerCallback  rtx_evr.o
    0x08000f98   0x08000f98   0x00000010   Code   RO          635    .text.EvrRtxTimerCreated  rtx_evr.o
    0x08000fa8   0x08000fa8   0x0000000c   Code   RO          629    .text.EvrRtxTimerError  rtx_evr.o
    0x08000fb4   0x08000fb4   0x00000020   Code   RO          633    .text.EvrRtxTimerNew  rtx_evr.o
    0x08000fd4   0x08000fd4   0x00000010   Code   RO          639    .text.EvrRtxTimerStart  rtx_evr.o
    0x08000fe4   0x08000fe4   0x00000010   Code   RO          641    .text.EvrRtxTimerStarted  rtx_evr.o
    0x08000ff4   0x08000ff4   0x00000118   Code   RO         1726    .text.HAL_GPIO_DeInit  stm32l4xx_hal_gpio.o
    0x0800110c   0x0800110c   0x00000002   Code   RO         1738    .text.HAL_GPIO_EXTI_Callback  stm32l4xx_hal_gpio.o
    0x0800110e   0x0800110e   0x00000002   PAD
    0x08001110   0x08001110   0x00000016   Code   RO         1736    .text.HAL_GPIO_EXTI_IRQHandler  stm32l4xx_hal_gpio.o
    0x08001126   0x08001126   0x00000002   PAD
    0x08001128   0x08001128   0x000001b6   Code   RO         1724    .text.HAL_GPIO_Init  stm32l4xx_hal_gpio.o
    0x080012de   0x080012de   0x00000002   PAD
    0x080012e0   0x080012e0   0x0000000c   Code   RO         1730    .text.HAL_GPIO_WritePin  stm32l4xx_hal_gpio.o
    0x080012ec   0x080012ec   0x0000000c   Code   RO         1437    .text.HAL_GetTick   stm32l4xx_hal.o
    0x080012f8   0x080012f8   0x0000004a   Code   RO         1896    .text.HAL_I2CEx_ConfigAnalogFilter  stm32l4xx_hal_i2c_ex.o
    0x08001342   0x08001342   0x00000002   PAD
    0x08001344   0x08001344   0x00000036   Code   RO         1752    .text.HAL_I2C_DeInit  stm32l4xx_hal_i2c.o
    0x0800137a   0x0800137a   0x00000002   PAD
    0x0800137c   0x0800137c   0x000000a2   Code   RO         1748    .text.HAL_I2C_Init  stm32l4xx_hal_i2c.o
    0x0800141e   0x0800141e   0x00000002   PAD
    0x08001420   0x08001420   0x0000021c   Code   RO         1806    .text.HAL_I2C_Mem_Read  stm32l4xx_hal_i2c.o
    0x0800163c   0x0800163c   0x00000210   Code   RO         1802    .text.HAL_I2C_Mem_Write  stm32l4xx_hal_i2c.o
    0x0800184c   0x0800184c   0x00000042   Code   RO         2596    .text.HAL_I2C_MspDeInit  stm32l4xx_hal_msp.o
    0x0800188e   0x0800188e   0x00000002   PAD
    0x08001890   0x08001890   0x00000094   Code   RO         2594    .text.HAL_I2C_MspInit  stm32l4xx_hal_msp.o
    0x08001924   0x08001924   0x0000001e   Code   RO         1425    .text.HAL_Init      stm32l4xx_hal.o
    0x08001942   0x08001942   0x00000002   PAD
    0x08001944   0x08001944   0x00000054   Code   RO         1427    .text.HAL_InitTick  stm32l4xx_hal.o
    0x08001998   0x08001998   0x00000032   Code   RO         2588    .text.HAL_MspInit   stm32l4xx_hal_msp.o
    0x080019ca   0x080019ca   0x00000002   PAD
    0x080019cc   0x080019cc   0x00000020   Code   RO         1510    .text.HAL_NVIC_EnableIRQ  stm32l4xx_hal_cortex.o
    0x080019ec   0x080019ec   0x00000056   Code   RO         1508    .text.HAL_NVIC_SetPriority  stm32l4xx_hal_cortex.o
    0x08001a42   0x08001a42   0x00000002   PAD
    0x08001a44   0x08001a44   0x00000020   Code   RO         1506    .text.HAL_NVIC_SetPriorityGrouping  stm32l4xx_hal_cortex.o
    0x08001a64   0x08001a64   0x00000086   Code   RO         1960    .text.HAL_PWREx_ControlVoltageScaling  stm32l4xx_hal_pwr_ex.o
    0x08001aea   0x08001aea   0x00000002   PAD
    0x08001aec   0x08001aec   0x00000010   Code   RO         1958    .text.HAL_PWREx_GetVoltageRange  stm32l4xx_hal_pwr_ex.o
    0x08001afc   0x08001afc   0x00000012   Code   RO         1920    .text.HAL_PWR_EnableBkUpAccess  stm32l4xx_hal_pwr.o
    0x08001b0e   0x08001b0e   0x00000002   PAD
    0x08001b10   0x08001b10   0x00000012   Code   RO         2204    .text.HAL_RCCEx_EnableMSIPLLMode  stm32l4xx_hal_rcc_ex.o
    0x08001b22   0x08001b22   0x00000002   PAD
    0x08001b24   0x08001b24   0x000003b8   Code   RO         2166    .text.HAL_RCCEx_PeriphCLKConfig  stm32l4xx_hal_rcc_ex.o
    0x08001edc   0x08001edc   0x0000021c   Code   RO         2138    .text.HAL_RCC_ClockConfig  stm32l4xx_hal_rcc.o
    0x080020f8   0x080020f8   0x0000073e   Code   RO         2134    .text.HAL_RCC_OscConfig  stm32l4xx_hal_rcc.o
    0x08002836   0x08002836   0x00000002   PAD
    0x08002838   0x08002838   0x0000002c   Code   RO         1518    .text.HAL_SYSTICK_Config  stm32l4xx_hal_cortex.o
    0x08002864   0x08002864   0x00000020   Code   RO          307    .text.HTS221_H_Init  hts221.o
    0x08002884   0x08002884   0x000000cc   Code   RO          311    .text.HTS221_H_ReadHumidity  hts221.o
    0x08002950   0x08002950   0x00000014   Code   RO          309    .text.HTS221_H_ReadID  hts221.o
    0x08002964   0x08002964   0x00000020   Code   RO          313    .text.HTS221_T_Init  hts221.o
    0x08002984   0x08002984   0x0000009e   Code   RO          315    .text.HTS221_T_ReadTemp  hts221.o
    0x08002a22   0x08002a22   0x00000002   PAD
    0x08002a24   0x08002a24   0x00000002   Code   RO           78    .text.HardFault_Handler  stm32l4xx_it.o
    0x08002a26   0x08002a26   0x00000002   PAD
    0x08002a28   0x08002a28   0x0000008e   Code   RO         1886    .text.I2C_IsAcknowledgeFailed  stm32l4xx_hal_i2c.o
    0x08002ab6   0x08002ab6   0x00000002   PAD
    0x08002ab8   0x08002ab8   0x000000fc   Code   RO         1808    .text.I2C_RequestMemoryRead  stm32l4xx_hal_i2c.o
    0x08002bb4   0x08002bb4   0x000000fc   Code   RO         1804    .text.I2C_RequestMemoryWrite  stm32l4xx_hal_i2c.o
    0x08002cb0   0x08002cb0   0x00000048   Code   RO         1760    .text.I2C_WaitOnSTOPFlagUntilTimeout  stm32l4xx_hal_i2c.o
    0x08002cf8   0x08002cf8   0x000000c8   Code   RO          162    .text.I2Cx_Init     stm32l475e_iot01.o
    0x08002dc0   0x08002dc0   0x00000034   Code   RO          346    .text.LPS22HB_P_Init  lps22hb.o
    0x08002df4   0x08002df4   0x00000014   Code   RO          348    .text.LPS22HB_P_ReadID  lps22hb.o
    0x08002e08   0x08002e08   0x00000068   Code   RO          350    .text.LPS22HB_P_ReadPressure  lps22hb.o
    0x08002e70   0x08002e70   0x0000001a   Code   RO          368    .text.LSM6DSL_AccDeInit  lsm6dsl.o
    0x08002e8a   0x08002e8a   0x00000002   PAD
    0x08002e8c   0x08002e8c   0x00000038   Code   RO          366    .text.LSM6DSL_AccInit  lsm6dsl.o
    0x08002ec4   0x08002ec4   0x0000002a   Code   RO          372    .text.LSM6DSL_AccLowPower  lsm6dsl.o
    0x08002eee   0x08002eee   0x00000002   PAD
    0x08002ef0   0x08002ef0   0x00000012   Code   RO          370    .text.LSM6DSL_AccReadID  lsm6dsl.o
    0x08002f02   0x08002f02   0x00000002   PAD
    0x08002f04   0x08002f04   0x00000084   Code   RO          374    .text.LSM6DSL_AccReadXYZ  lsm6dsl.o
    0x08002f88   0x08002f88   0x0000001a   Code   RO          378    .text.LSM6DSL_GyroDeInit  lsm6dsl.o
    0x08002fa2   0x08002fa2   0x00000002   PAD
    0x08002fa4   0x08002fa4   0x00000038   Code   RO          376    .text.LSM6DSL_GyroInit  lsm6dsl.o
    0x08002fdc   0x08002fdc   0x0000002a   Code   RO          382    .text.LSM6DSL_GyroLowPower  lsm6dsl.o
    0x08003006   0x08003006   0x00000002   PAD
    0x08003008   0x08003008   0x00000012   Code   RO          380    .text.LSM6DSL_GyroReadID  lsm6dsl.o
    0x0800301a   0x0800301a   0x00000002   PAD
    0x0800301c   0x0800301c   0x00000080   Code   RO          384    .text.LSM6DSL_GyroReadXYZAngRate  lsm6dsl.o
    0x0800309c   0x0800309c   0x00000002   Code   RO           80    .text.MemManage_Handler  stm32l4xx_it.o
    0x0800309e   0x0800309e   0x00000002   PAD
    0x080030a0   0x080030a0   0x00000002   Code   RO           76    .text.NMI_Handler   stm32l4xx_it.o
    0x080030a2   0x080030a2   0x00000002   PAD
    0x080030a4   0x080030a4   0x0000000c   Code   RO         1358    .text.OS_Tick_AcknowledgeIRQ  os_systick.o
    0x080030b0   0x080030b0   0x00000032   Code   RO         1354    .text.OS_Tick_Enable  os_systick.o
    0x080030e2   0x080030e2   0x00000002   PAD
    0x080030e4   0x080030e4   0x00000018   Code   RO         1366    .text.OS_Tick_GetCount  os_systick.o
    0x080030fc   0x080030fc   0x00000006   Code   RO         1360    .text.OS_Tick_GetIRQn  os_systick.o
    0x08003102   0x08003102   0x00000002   PAD
    0x08003104   0x08003104   0x0000000e   Code   RO         1364    .text.OS_Tick_GetInterval  os_systick.o
    0x08003112   0x08003112   0x00000002   PAD
    0x08003114   0x08003114   0x00000010   Code   RO         1368    .text.OS_Tick_GetOverflow  os_systick.o
    0x08003124   0x08003124   0x00000048   Code   RO         1352    .text.OS_Tick_Setup  os_systick.o
    0x0800316c   0x0800316c   0x00000190   Code   RO         2168    .text.RCCEx_PLLSAI1_Config  stm32l4xx_hal_rcc_ex.o
    0x080032fc   0x080032fc   0x0000015e   Code   RO         2170    .text.RCCEx_PLLSAI2_Config  stm32l4xx_hal_rcc_ex.o
    0x0800345a   0x0800345a   0x00000002   PAD
    0x0800345c   0x0800345c   0x00000004   Code   RO          160    .text.SENSOR_IO_Init  stm32l475e_iot01.o
    0x08003460   0x08003460   0x00000048   Code   RO          168    .text.SENSOR_IO_Read  stm32l475e_iot01.o
    0x080034a8   0x080034a8   0x0000003e   Code   RO          170    .text.SENSOR_IO_ReadMultiple  stm32l475e_iot01.o
    0x080034e6   0x080034e6   0x00000002   PAD
    0x080034e8   0x080034e8   0x00000044   Code   RO          166    .text.SENSOR_IO_Write  stm32l475e_iot01.o
    0x0800352c   0x0800352c   0x00000092   Code   RO           58    .text.SystemClock_Config  main.o
    0x080035be   0x080035be   0x00000002   PAD
    0x080035c0   0x080035c0   0x000000be   Code   RO         2630    .text.SystemCoreClockUpdate  system_stm32l4xx.o
    0x0800367e   0x0800367e   0x00000002   PAD
    0x08003680   0x08003680   0x00000044   Code   RO         2628    .text.SystemInit    system_stm32l4xx.o
    0x080036c4   0x080036c4   0x00000002   Code   RO           84    .text.UsageFault_Handler  stm32l4xx_it.o
    0x080036c6   0x080036c6   0x00000002   PAD
    0x080036c8   0x080036c8   0x00000032   Code   RO          917    .text._mutex_acquire  rtx_lib.o
    0x080036fa   0x080036fa   0x00000002   PAD
    0x080036fc   0x080036fc   0x00000006   Code   RO          921    .text._mutex_free   rtx_lib.o
    0x08003702   0x08003702   0x00000002   PAD
    0x08003704   0x08003704   0x00000020   Code   RO          915    .text._mutex_initialize  rtx_lib.o
    0x08003724   0x08003724   0x0000002e   Code   RO          919    .text._mutex_release  rtx_lib.o
    0x08003752   0x08003752   0x00000002   PAD
    0x08003754   0x08003754   0x00000004   Code   RO          905    .text._platform_post_stackheap_init  rtx_lib.o
    0x08003758   0x08003758   0x00000060   Code   RO            4    .text.app_error_handler  faults.o
    0x080037b8   0x080037b8   0x00000028   Code   RO           15    .text.busy_wait_ms  helpers.o
    0x080037e0   0x080037e0   0x00000312   Code   RO           56    .text.main          main.o
    0x08003af2   0x08003af2   0x00000002   PAD
    0x08003af4   0x08003af4   0x00000036   Code   RO          403    .text.osDelay       rtx_delay.o
    0x08003b2a   0x08003b2a   0x00000002   PAD
    0x08003b2c   0x08003b2c   0x00000032   Code   RO          841    .text.osKernelGetState  rtx_kernel.o
    0x08003b5e   0x08003b5e   0x00000002   PAD
    0x08003b60   0x08003b60   0x00000048   Code   RO          873    .text.osKernelGetSysTimerCount  rtx_kernel.o
    0x08003ba8   0x08003ba8   0x00000036   Code   RO          835    .text.osKernelInitialize  rtx_kernel.o
    0x08003bde   0x08003bde   0x00000002   PAD
    0x08003be0   0x08003be0   0x00000032   Code   RO          845    .text.osKernelStart  rtx_kernel.o
    0x08003c12   0x08003c12   0x00000002   PAD
    0x08003c14   0x08003c14   0x000000d4   Code   RO         1024    .text.osMessageQueueGet  rtx_msgqueue.o
    0x08003ce8   0x08003ce8   0x000000a2   Code   RO         1022    .text.osMessageQueuePut  rtx_msgqueue.o
    0x08003d8a   0x08003d8a   0x00000002   PAD
    0x08003d8c   0x08003d8c   0x0000003c   Code   RO         1074    .text.osMutexAcquire  rtx_mutex.o
    0x08003dc8   0x08003dc8   0x00000038   Code   RO         1080    .text.osMutexDelete  rtx_mutex.o
    0x08003e00   0x08003e00   0x00000038   Code   RO         1068    .text.osMutexNew    rtx_mutex.o
    0x08003e38   0x08003e38   0x00000038   Code   RO         1076    .text.osMutexRelease  rtx_mutex.o
    0x08003e70   0x08003e70   0x00000002   Code   RO         1381    .text.osRtxErrorNotify  rtx_config.o
    0x08003e72   0x08003e72   0x00000002   PAD
    0x08003e74   0x08003e74   0x00000002   Code   RO         1379    .text.osRtxIdleThread  rtx_config.o
    0x08003e76   0x08003e76   0x00000002   PAD
    0x08003e78   0x08003e78   0x000000f4   Code   RO          907    .text.osRtxKernelBeforeInit  rtx_lib.o
    0x08003f6c   0x08003f6c   0x00000016   Code   RO          833    .text.osRtxKernelErrorNotify  rtx_kernel.o
    0x08003f82   0x08003f82   0x00000002   PAD
    0x08003f84   0x08003f84   0x00000080   Code   RO          948    .text.osRtxMemoryAlloc  rtx_memory.o
    0x08004004   0x08004004   0x00000058   Code   RO          950    .text.osRtxMemoryFree  rtx_memory.o
    0x0800405c   0x0800405c   0x00000040   Code   RO          946    .text.osRtxMemoryInit  rtx_memory.o
    0x0800409c   0x0800409c   0x00000044   Code   RO          962    .text.osRtxMemoryPoolAlloc  rtx_mempool.o
    0x080040e0   0x080040e0   0x00000056   Code   RO          964    .text.osRtxMemoryPoolFree  rtx_mempool.o
    0x08004136   0x08004136   0x00000002   PAD
    0x08004138   0x08004138   0x00000060   Code   RO          960    .text.osRtxMemoryPoolInit  rtx_mempool.o
    0x08004198   0x08004198   0x000001ba   Code   RO         1046    .text.osRtxMessageQueuePostProcess  rtx_msgqueue.o
    0x08004352   0x08004352   0x00000002   PAD
    0x08004354   0x08004354   0x0000002c   Code   RO         1012    .text.osRtxMessageQueueTimerSetup  rtx_msgqueue.o
    0x08004380   0x08004380   0x00000064   Code   RO         1064    .text.osRtxMutexOwnerRelease  rtx_mutex.o
    0x080043e4   0x080043e4   0x00000050   Code   RO         1066    .text.osRtxMutexOwnerRestore  rtx_mutex.o
    0x08004434   0x08004434   0x000000ac   Code   RO         1136    .text.osRtxPendSV_Handler  rtx_system.o
    0x080044e0   0x080044e0   0x00000076   Code   RO         1138    .text.osRtxPostProcess  rtx_system.o
    0x08004556   0x08004556   0x00000002   PAD
    0x08004558   0x08004558   0x00000024   Code   RO          913    .text.osRtxThreadBeforeFree  rtx_lib.o
    0x0800457c   0x0800457c   0x00000164   Code   RO         1160    .text.osRtxThreadDelayTick  rtx_thread.o
    0x080046e0   0x080046e0   0x00000114   Code   RO         1166    .text.osRtxThreadDispatch  rtx_thread.o
    0x080047f4   0x080047f4   0x00000066   Code   RO         1178    .text.osRtxThreadFree  rtx_thread.o
    0x0800485a   0x0800485a   0x00000002   PAD
    0x0800485c   0x0800485c   0x00000014   Code   RO         1150    .text.osRtxThreadListGet  rtx_thread.o
    0x08004870   0x08004870   0x0000002c   Code   RO         1148    .text.osRtxThreadListPut  rtx_thread.o
    0x0800489c   0x0800489c   0x0000001a   Code   RO         1154    .text.osRtxThreadListRemove  rtx_thread.o
    0x080048b6   0x080048b6   0x00000002   PAD
    0x080048b8   0x080048b8   0x0000006a   Code   RO         1152    .text.osRtxThreadListSort  rtx_thread.o
    0x08004922   0x08004922   0x00000002   PAD
    0x08004924   0x08004924   0x0000009e   Code   RO         1260    .text.osRtxThreadPostProcess  rtx_thread.o
    0x080049c2   0x080049c2   0x00000002   PAD
    0x080049c4   0x080049c4   0x0000003c   Code   RO         1156    .text.osRtxThreadReadyPut  rtx_thread.o
    0x08004a00   0x08004a00   0x00000014   Code   RO         1162    .text.osRtxThreadRegPtr  rtx_thread.o
    0x08004a14   0x08004a14   0x00000020   Code   RO         1172    .text.osRtxThreadStackCheck  rtx_thread.o
    0x08004a34   0x08004a34   0x0000004a   Code   RO         1182    .text.osRtxThreadStartup  rtx_thread.o
    0x08004a7e   0x08004a7e   0x00000002   PAD
    0x08004a80   0x08004a80   0x00000024   Code   RO         1164    .text.osRtxThreadSwitch  rtx_thread.o
    0x08004aa4   0x08004aa4   0x000000fa   Code   RO         1170    .text.osRtxThreadWaitEnter  rtx_thread.o
    0x08004b9e   0x08004b9e   0x00000002   PAD
    0x08004ba0   0x08004ba0   0x000000a4   Code   RO         1168    .text.osRtxThreadWaitExit  rtx_thread.o
    0x08004c44   0x08004c44   0x00000084   Code   RO         1134    .text.osRtxTick_Handler  rtx_system.o
    0x08004cc8   0x08004cc8   0x00000026   Code   RO         1314    .text.osRtxTimerSetup  rtx_timer.o
    0x08004cee   0x08004cee   0x00000002   PAD
    0x08004cf0   0x08004cf0   0x0000002a   Code   RO         1318    .text.osRtxTimerThread  rtx_timer.o
    0x08004d1a   0x08004d1a   0x00000002   PAD
    0x08004d1c   0x08004d1c   0x000000c6   Code   RO         1316    .text.osRtxTimerTick  rtx_timer.o
    0x08004de2   0x08004de2   0x00000002   PAD
    0x08004de4   0x08004de4   0x00000006   Code   RO         1258    .text.osThreadEntry  rtx_thread.o
    0x08004dea   0x08004dea   0x00000002   PAD
    0x08004dec   0x08004dec   0x0000001a   Code   RO         1224    .text.osThreadExit  rtx_thread.o
    0x08004e06   0x08004e06   0x00000002   PAD
    0x08004e08   0x08004e08   0x00000040   Code   RO         1186    .text.osThreadNew   rtx_thread.o
    0x08004e48   0x08004e48   0x00000038   Code   RO         1216    .text.osThreadSuspend  rtx_thread.o
    0x08004e80   0x08004e80   0x0000004a   Code   RO         1320    .text.osTimerNew    rtx_timer.o
    0x08004eca   0x08004eca   0x00000002   PAD
    0x08004ecc   0x08004ecc   0x0000003c   Code   RO         1326    .text.osTimerStart  rtx_timer.o
    0x08004f08   0x08004f08   0x00000034   Code   RO          407    .text.svcRtxDelay   rtx_delay.o
    0x08004f3c   0x08004f3c   0x0000000c   Code   RO          843    .text.svcRtxKernelGetState  rtx_kernel.o
    0x08004f48   0x08004f48   0x0000002a   Code   RO          875    .text.svcRtxKernelGetSysTimerCount  rtx_kernel.o
    0x08004f72   0x08004f72   0x00000002   PAD
    0x08004f74   0x08004f74   0x0000015e   Code   RO          881    .text.svcRtxKernelInitialize  rtx_kernel.o
    0x080050d2   0x080050d2   0x00000002   PAD
    0x080050d4   0x080050d4   0x0000009e   Code   RO          883    .text.svcRtxKernelStart  rtx_kernel.o
    0x08005172   0x08005172   0x00000002   PAD
    0x08005174   0x08005174   0x000001c4   Code   RO         1050    .text.svcRtxMessageQueueGet  rtx_msgqueue.o
    0x08005338   0x08005338   0x00000172   Code   RO         1014    .text.svcRtxMessageQueueNew  rtx_msgqueue.o
    0x080054aa   0x080054aa   0x00000002   PAD
    0x080054ac   0x080054ac   0x00000142   Code   RO         1048    .text.svcRtxMessageQueuePut  rtx_msgqueue.o
    0x080055ee   0x080055ee   0x00000002   PAD
    0x080055f0   0x080055f0   0x000000e2   Code   RO         1084    .text.svcRtxMutexAcquire  rtx_mutex.o
    0x080056d2   0x080056d2   0x00000002   PAD
    0x080056d4   0x080056d4   0x000000d2   Code   RO         1090    .text.svcRtxMutexDelete  rtx_mutex.o
    0x080057a6   0x080057a6   0x00000002   PAD
    0x080057a8   0x080057a8   0x000000a4   Code   RO         1082    .text.svcRtxMutexNew  rtx_mutex.o
    0x0800584c   0x0800584c   0x000000f4   Code   RO         1086    .text.svcRtxMutexRelease  rtx_mutex.o
    0x08005940   0x08005940   0x000000c4   Code   RO         1282    .text.svcRtxThreadExit  rtx_thread.o
    0x08005a04   0x08005a04   0x0000026c   Code   RO         1184    .text.svcRtxThreadNew  rtx_thread.o
    0x08005c70   0x08005c70   0x00000152   Code   RO         1274    .text.svcRtxThreadSuspend  rtx_thread.o
    0x08005dc2   0x08005dc2   0x00000002   PAD
    0x08005dc4   0x08005dc4   0x000000d0   Code   RO         1334    .text.svcRtxTimerNew  rtx_timer.o
    0x08005e94   0x08005e94   0x000000c2   Code   RO         1336    .text.svcRtxTimerStart  rtx_timer.o
    0x08005f56   0x08005f56   0x00000002   PAD
    0x08005f58   0x08005f58   0x00000006   Code   RO           25    .text.task1         tasks.o
    0x08005f5e   0x08005f5e   0x00000002   PAD
    0x08005f60   0x08005f60   0x00000006   Code   RO           27    .text.task2         tasks.o
    0x08005f66   0x08005f66   0x00000002   PAD
    0x08005f68   0x08005f68   0x00000006   Code   RO           29    .text.task3         tasks.o
    0x08005f6e   0x08005f6e   0x00000002   PAD
    0x08005f70   0x08005f70   0x0000009e   Code   RO           39    .text.timeline_task_thread  timeline.o
    0x0800600e   0x0800600e   0x00000002   PAD
    0x08006010   0x08006010   0x0000008e   Code   RO           99    .text.vioInit       vio_bl475eiot01a.o
    0x0800609e   0x0800609e   0x0000000a   Ven    RO         3022    Veneer$$Code        anon$$obj.o
    0x080060a8   0x080060a8   0x0000000a   Ven    RO         3023    Veneer$$Code        anon$$obj.o
    0x080060b2   0x080060b2   0x0000000a   Ven    RO         3024    Veneer$$Code        anon$$obj.o
    0x080060bc   0x080060bc   0x0000000a   Ven    RO         3025    Veneer$$Code        anon$$obj.o
    0x080060c6   0x080060c6   0x0000000a   Ven    RO         3026    Veneer$$Code        anon$$obj.o
    0x080060d0   0x080060d0   0x0000000a   Ven    RO         3027    Veneer$$Code        anon$$obj.o
    0x080060da   0x080060da   0x0000000e   Code   RO         2667    i._is_digit         c_w.l(__printf_wp.o)
    0x080060e8   0x080060e8   0x0000001a   Code   RO         2691    x$fpl$fpinit        fz_wm.l(fpinit.o)
    0x08006102   0x08006102   0x00000011   Data   RO         2675    .constdata          c_w.l(__printf_flags_ss_wp.o)
    0x08006113   0x08006113   0x00000001   PAD
    0x08006114   0x08006114   0x00000070   Data   RO          927    .rodata             rtx_lib.o
    0x08006184   0x08006184   0x00000038   Data   RO          930    .rodata             rtx_lib.o
    0x080061bc   0x080061bc   0x00000010   Data   RO         2633    .rodata.AHBPrescTable  system_stm32l4xx.o
    0x080061cc   0x080061cc   0x00000030   Data   RO         2635    .rodata.MSIRangeTable  system_stm32l4xx.o
    0x080061fc   0x080061fc   0x00000004   Data   RO          929    .rodata.osRtxUserSVC  rtx_lib.o
    0x08006200   0x08006200   0x00000024   Data   RO          924    .rodata.os_idle_thread_attr  rtx_lib.o
    0x08006224   0x08006224   0x00000018   Data   RO          926    .rodata.os_timer_mq_attr  rtx_lib.o
    0x0800623c   0x0800623c   0x00000024   Data   RO          925    .rodata.os_timer_thread_attr  rtx_lib.o
    0x08006260   0x08006260   0x0000000b   Data   RO          895    .rodata.str1.4      rtx_kernel.o
    0x0800626b   0x0800626b   0x00000001   PAD
    0x0800626c   0x0800626c   0x00000030   Data   RO         3011    Region$$Table       anon$$obj.o


    Execution Region RW_RAM1 (Exec base: 0x10000000, Load base: 0x0800629c, Size: 0x00000fd8, Max: 0x00001000, ABSOLUTE, UNINIT)

    Exec Addr    Load Addr    Size         Type   Attr      Idx    E Section Name        Object

    0x10000000   0x0800629c   0x0000019e   Code   RO         1410    .text.EventRecord2  eventrecorder.o
    0x1000019e   0x0800643a   0x00000002   PAD
    0x100001a0   0x0800643c   0x000002e6   Code   RO         1412    .text.EventRecord4  eventrecorder.o
    0x10000486   0x08006722   0x00000002   PAD
    0x10000488   0x08006724   0x000005aa   Code   RO         1408    .text.EventRecordData  eventrecorder.o
    0x10000a32   0x08006cce   0x00000002   PAD
    0x10000a34   0x08006cd0   0x0000007a   Code   RO         1402    .text.EventRecorderDisable  eventrecorder.o
    0x10000aae   0x08006d4a   0x00000002   PAD
    0x10000ab0   0x08006d4c   0x00000078   Code   RO         1398    .text.EventRecorderEnable  eventrecorder.o
    0x10000b28   0x08006dc4   0x000002de   Code   RO         1396    .text.EventRecorderInitialize  eventrecorder.o
    0x10000e06   0x080070a2   0x00000002   PAD
    0x10000e08   0x080070a4   0x00000148   Code   RO         1400    .text.EventRecorderStart  eventrecorder.o
    0x10000f50   0x080071ec   0x0000002c   Code   RO         1394    .text.EventRecorderTimerGetCount  eventrecorder.o
    0x10000f7c   0x08007218   0x00000010   Code   RO         1390    .text.EventRecorderTimerSetup  eventrecorder.o
    0x10000f8c   0x08007228   0x0000000a   Ven    RO         3028    Veneer$$Code        anon$$obj.o
    0x10000f96   0x08007232   0x0000000a   Ven    RO         3029    Veneer$$Code        anon$$obj.o
    0x10000fa0   0x0800723c   0x0000000a   Ven    RO         3030    Veneer$$Code        anon$$obj.o
    0x10000faa   0x08007246   0x0000000a   Ven    RO         3031    Veneer$$Code        anon$$obj.o
    0x10000fb4   0x08007250   0x0000000a   Ven    RO         3032    Veneer$$Code        anon$$obj.o
    0x10000fbe   0x0800725a   0x00000002   PAD
    0x10000fc0   0x0800725c   0x00000018   Data   RO         1415    .rodata.EventRecorderInfo  eventrecorder.o


    Execution Region RW_IRAM2 (Exec base: 0x10001000, Load base: 0x08007300, Size: 0x00000000, Max: 0x00007000, ABSOLUTE)

    **** No section assigned to this execution region ****


    Execution Region RW_IRAM1 (Exec base: 0x20000000, Load base: 0x08007280, Size: 0x00009630, Max: 0x00018000, ABSOLUTE, COMPRESSED[0x00000080])

    Exec Addr    Load Addr    Size         Type   Attr      Idx    E Section Name        Object

    0x20000000   COMPRESSED   0x00000004   Data   RW          196    .data.BUTTON_PORT   stm32l475e_iot01.o
    0x20000004   COMPRESSED   0x00000004   Data   RW          195    .data.GPIO_PORT     stm32l475e_iot01.o
    0x20000008   COMPRESSED   0x0000000c   Data   RW          317    .data.HTS221_H_Drv  hts221.o
    0x20000014   COMPRESSED   0x00000010   Data   RW          318    .data.HTS221_T_Drv  hts221.o
    0x20000024   COMPRESSED   0x0000000c   Data   RW          356    .data.LPS22HB_P_Drv  lps22hb.o
    0x20000030   COMPRESSED   0x00000034   Data   RW          386    .data.Lsm6dslAccDrv  lsm6dsl.o
    0x20000064   COMPRESSED   0x00000034   Data   RW          387    .data.Lsm6dslGyroDrv  lsm6dsl.o
    0x20000098   COMPRESSED   0x00000004   Data   RW         2632    .data.SystemCoreClock  system_stm32l4xx.o
    0x2000009c   COMPRESSED   0x000000a4   Data   RW          896    .data.os            rtx_kernel.o
    0x20000140   COMPRESSED   0x00000001   Data   RW         1496    .data.uwTickFreq    stm32l4xx_hal.o
    0x20000141   COMPRESSED   0x00000003   PAD
    0x20000144   COMPRESSED   0x00000004   Data   RW         1495    .data.uwTickPrio    stm32l4xx_hal.o
    0x20000148   COMPRESSED   0x00000080   Data   RW            6    ram_shared          faults.o
    0x200001c8   COMPRESSED   0x00000038   PAD
    0x20000200        -       0x00000060   Zero   RW         2869    .bss                c_w.l(libspace.o)
    0x20000260        -       0x00000004   Zero   RW          224    .bss.AccelerometerDrv  stm32l475e_iot01_accelero.o
    0x20000264        -       0x00000004   Zero   RW          241    .bss.GyroscopeDrv   stm32l475e_iot01_gyro.o
    0x20000268        -       0x00000001   Zero   RW         1416    .bss.SysTimerState  eventrecorder.o
    0x20000269   COMPRESSED   0x00000003   PAD
    0x2000026c        -       0x0000004c   Zero   RW          206    .bss.hI2cHandler    stm32l475e_iot01.o
    0x200002b8   COMPRESSED   0x00000008   PAD
    0x200002c0        -       0x000004a4   Zero   RW         1414    .bss.noinit         eventrecorder.o
    0x20000764   COMPRESSED   0x00000004   PAD
    0x20000768        -       0x00008040   Zero   RW          923    .bss.os             rtx_lib.o
    0x200087a8        -       0x00000001   Zero   RW         1370    .bss.os             os_systick.o
    0x200087a9   COMPRESSED   0x00000003   PAD
    0x200087ac        -       0x000001f0   Zero   RW          931    .bss.os.libspace    rtx_lib.o
    0x2000899c        -       0x00000034   Zero   RW          935    .bss.os.msgqueue.cb  rtx_lib.o
    0x200089d0        -       0x00000050   Zero   RW          936    .bss.os.msgqueue.mem  rtx_lib.o
    0x20008a20        -       0x000000a0   Zero   RW          932    .bss.os.thread.cb   rtx_lib.o
    0x20008ac0        -       0x00000200   Zero   RW          933    .bss.os.thread.idle.stack  rtx_lib.o
    0x20008cc0        -       0x00000200   Zero   RW          934    .bss.os.thread.timer.stack  rtx_lib.o
    0x20008ec0        -       0x00000001   Zero   RW          937    .bss.os_kernel_is_active.os_kernel_active  rtx_lib.o
    0x20008ec1   COMPRESSED   0x00000003   PAD
    0x20008ec4        -       0x00000004   Zero   RW           60    .bss.tid_thr_app_main  main.o
    0x20008ec8        -       0x00000004   Zero   RW         1497    .bss.uwTick         stm32l4xx_hal.o
    0x20008ecc   COMPRESSED   0x00000004   PAD
    0x20008ed0        -       0x00000008   Zero   RW          128    .bss.vioAddrIPv4    vio_bl475eiot01a.o
    0x20008ed8        -       0x00000020   Zero   RW          129    .bss.vioAddrIPv6    vio_bl475eiot01a.o
    0x20008ef8        -       0x00000100   Zero   RW          125    .bss.vioPrintMem    vio_bl475eiot01a.o
    0x20008ff8        -       0x00000004   Zero   RW          123    .bss.vioSignalIn    vio_bl475eiot01a.o
    0x20008ffc        -       0x00000004   Zero   RW          124    .bss.vioSignalOut   vio_bl475eiot01a.o
    0x20009000        -       0x0000000c   Zero   RW          126    .bss.vioValue       vio_bl475eiot01a.o
    0x2000900c        -       0x00000024   Zero   RW          127    .bss.vioValueXYZ    vio_bl475eiot01a.o
    0x20009030        -       0x00000200   Zero   RW         2619    HEAP                startup_stm32l475xx.o
    0x20009230        -       0x00000400   Zero   RW         2618    STACK               startup_stm32l475xx.o


==============================================================================

Image component sizes


      Code (inc. data)   RO Data    RW Data    ZI Data      Debug   Object Name

      3970          0         24          0       1189      22075   eventrecorder.o
        96         60          0        128          0        911   faults.o
        40          0          0          0          0        809   helpers.o
       446          8          0         28          0       3508   hts221.o
       268         16          0          0          0        764   irq_armv7m.o
       176          4          0         12          0       3666   lps22hb.o
       544         32          0        104          0       4592   lsm6dsl.o
       938          0          0          0          4      15945   main.o
       194          0          0          0          1       4920   os_systick.o
         4          0          0          0          0        663   rtx_config.o
       106          0          0          0          0       3217   rtx_delay.o
      1204          0          0          0          0      39078   rtx_evr.o
       810          0         11        164          0      21928   rtx_kernel.o
       440          0        268          0      34645       9231   rtx_lib.o
       280          0          0          0          0       2806   rtx_memory.o
       250          0          0          0          0      19474   rtx_mempool.o
      2004          0          0          0          0      23466   rtx_msgqueue.o
      1252          0          0          0          0      11395   rtx_mutex.o
       422         36          0          0          0       5629   rtx_system.o
      3030         10          0          0          0      51161   rtx_thread.o
       814          0          0          0          0      12079   rtx_timer.o
        64         26        392          0       1536        868   startup_stm32l475xx.o
       614          0          0          8         76      18146   stm32l475e_iot01.o
        44          0          0          0          4       2519   stm32l475e_iot01_accelero.o
        44          0          0          0          4       2385   stm32l475e_iot01_gyro.o
        34          0          0          0          0       1561   stm32l475e_iot01_hsensor.o
        34          0          0          0          0       1562   stm32l475e_iot01_psensor.o
        26          0          0          0          0       1744   stm32l475e_iot01_tsensor.o
       126          0          0          5          4       9081   stm32l4xx_hal.o
       194          0          0          0          0      10757   stm32l4xx_hal_cortex.o
       754          0          0          0          0       5438   stm32l4xx_hal_gpio.o
      2002          0          0          0          0      52397   stm32l4xx_hal_i2c.o
        74          0          0          0          0       6232   stm32l4xx_hal_i2c_ex.o
       264          0          0          0          0      13588   stm32l4xx_hal_msp.o
        18          0          0          0          0       5823   stm32l4xx_hal_pwr.o
       150          0          0          0          0       9942   stm32l4xx_hal_pwr_ex.o
      2394          0          0          0          0      11661   stm32l4xx_hal_rcc.o
      1720          8          0          0          0      14429   stm32l4xx_hal_rcc_ex.o
        90          0          0          0          0       1391   stm32l4xx_it.o
       258          4         64          4          0       3155   system_stm32l4xx.o
        18          0          0          0          0       1069   tasks.o
       158          0          0          0          0       1376   timeline.o
       142          0          0          0        352       4863   vio_bl475eiot01a.o

    ----------------------------------------------------------------------
     26806        204        808        456      37896     437304   Object Totals
       110          0         48          0          0          0   (incl. Generated)
       186          0          1          3         81          0   (incl. Padding)

    ----------------------------------------------------------------------

      Code (inc. data)   RO Data    RW Data    ZI Data      Debug   Library Member Name

        64          6          0          0          0         84   __2snprintf.o
        58          0          0          0          0          0   __dczerorl.o
         8          0          0          0          0         68   __main.o
       398          4         17          0          0         92   __printf_flags_ss_wp.o
        14          0          0          0          0         68   __printf_wp.o
         0          0          0          0          0          0   __rtentry.o
        20          0          0          0          0          0   __rtentry2.o
         6          0          0          0          0          0   __rtentry4.o
        94          8          0          0          0          0   __scatter.o
        26          0          0          0          0          0   __scatter_copy.o
        28          0          0          0          0          0   __scatter_zi.o
        48          6          0          0          0         96   _printf_char_common.o
         6          0          0          0          0          0   _printf_d.o
       120         16          0          0          0         92   _printf_dec.o
       178          0          0          0          0         88   _printf_intcommon.o
         0          0          0          0          0          0   _printf_percent.o
         4          0          0          0          0          0   _printf_percent_end.o
        16          0          0          0          0         68   _snputc.o
        16          0          0          0          0         68   aeabi_memset4.o
        18          0          0          0          0         80   exit.o
         6          0          0          0          0        152   heapauxi.o
         0          0          0          0          0          0   indicate_semi.o
         2          0          0          0          0          0   libinit.o
         6          0          0          0          0          0   libinit2.o
         2          0          0          0          0          0   libshutdown.o
         2          0          0          0          0          0   libshutdown2.o
         8          4          0          0         96         68   libspace.o
        68          0          0          0          0         68   rt_memclr.o
        78          0          0          0          0         80   rt_memclr_w.o
       138          0          0          0          0         68   rt_memcpy_v6.o
       100          0          0          0          0         80   rt_memcpy_w.o
         2          0          0          0          0          0   rtexit.o
        10          0          0          0          0          0   rtexit2.o
        12          4          0          0          0         68   sys_exit.o
        74          0          0          0          0         80   sys_stackheap_outer.o
         2          0          0          0          0         68   use_no_semi.o
        26          0          0          0          0        116   fpinit.o

    ----------------------------------------------------------------------
      1668         48         18          0         96       1652   Library Totals
        10          0          1          0          0          0   (incl. Padding)

    ----------------------------------------------------------------------

      Code (inc. data)   RO Data    RW Data    ZI Data      Debug   Library Name

      1632         48         17          0         96       1536   c_w.l
        26          0          0          0          0        116   fz_wm.l

    ----------------------------------------------------------------------
      1668         48         18          0         96       1652   Library Totals

    ----------------------------------------------------------------------

==============================================================================


      Code (inc. data)   RO Data    RW Data    ZI Data      Debug   

     28474        252        826        456      37992     437512   Grand Totals
     28474        252        826        128      37992     437512   ELF Image Totals (compressed)
     28474        252        826        128          0          0   ROM Totals

==============================================================================

    Total RO  Size (Code + RO Data)                29300 (  28.61kB)
    Total RW  Size (RW Data + ZI Data)             38448 (  37.55kB)
    Total ROM Size (Code + RO Data + RW Data)      29428 (  28.74kB)

==============================================================================

